10
10200000

 Query: 10 19920101 19981231
Query Prepare Time: 0.463936

Query Optimization Time: 0.567296

p_partkey
sg = 1
Build Kernel time GPU: 0.048992
d_datekey
sg = 1
Build Kernel time GPU: 0.016384
Build time 0.207872
h_total: 240012412 output_estimate: 240123904 sg: 7
Filter Probe Kernel time GPU: 6.0457
sg = 7 non demand time = 6.10406
Probe time 6.13171
Merge time 0.051008
Result:
Res count = 0
Query Execution Time: 6.45946
CPU Time: 0
GPU Time: 6.0457
Transfer Time: 0
Malloc Time: 0.007552


 Query: 10 19920101 19981231
Query Prepare Time: 0.419904

Query Optimization Time: 0.347328

p_partkey
sg = 1
Build Kernel time GPU: 0.040992
d_datekey
sg = 1
Build Kernel time GPU: 0.015456
Build time 0.176128
sg = 7
filter h_total: 46656 output_estimate: 240123904 sg: 7
Filter Kernel time GPU: 1.32496
h_total: 46656 output_estimate: 46656 sg: 7
Probe Kernel time GPU: 0.038912
sg = 7 non demand time = 1.46534
Probe time 1.49299
Merge time 0.042464
Result:
Res count = 0
Query Execution Time: 1.79104
CPU Time: 0
GPU Time: 1.36387
Transfer Time: 0
Malloc Time: 0.008736


Cumulated Time: 2.50317
Execution time: 2.11338

Select Options:
1. Run Specific Query
2. Run Random Queries
3. Run Experiment
4. Replacement
5. Dump Trace
6. Exit
cache. Cache Specific Column
clear. Delete Columns from GPU
custom. Toggle custom malloc
skipping. Toggle segment skipping
Your Input: 