10
8700000

 Query: 10 19920101 19981231
Query Prepare Time: 0.485824

Query Optimization Time: 0.517952

p_partkey
sg = 1
Build Kernel time GPU: 0.049152
d_datekey
sg = 1
Build Kernel time GPU: 0.016384
Build time 0.205952
h_total: 240012412 output_estimate: 240123904 sg: 7
Filter Probe Kernel time GPU: 6.03334
sg = 7 non demand time = 6.08768
Probe time 6.12864
Merge time 0.045248
Result:
Res count = 0
Query Execution Time: 6.45206
CPU Time: 0
GPU Time: 6.03334
Transfer Time: 0
Malloc Time: 0.00784


 Query: 10 19920101 19981231
Query Prepare Time: 0.446272

Query Optimization Time: 0.305152

p_partkey
sg = 1
Build Kernel time GPU: 0.042112
d_datekey
sg = 1
Build Kernel time GPU: 0.01536
Build time 0.177152
sg = 7
filter h_total: 5048219 output_estimate: 240123904 sg: 7
Filter Kernel time GPU: 1.37114
h_total: 5048219 output_estimate: 5048219 sg: 7
Probe Kernel time GPU: 0.784576
sg = 7 non demand time = 2.26282
Probe time 2.29171
Merge time 0.042624
Result:
Res count = 0
Query Execution Time: 2.58698
CPU Time: 0
GPU Time: 2.15571
Transfer Time: 0
Malloc Time: 0.006944


Cumulated Time: 3.28253
Execution time: 2.93475

Select Options:
1. Run Specific Query
2. Run Random Queries
3. Run Experiment
4. Replacement
5. Dump Trace
6. Exit
cache. Cache Specific Column
clear. Delete Columns from GPU
custom. Toggle custom malloc
skipping. Toggle segment skipping
Your Input: 