10
500000

 Query: 10 19920101 19981231
Query Prepare Time: 0.491872

Query Optimization Time: 0.296736

p_partkey
sg = 1
Build Kernel time GPU: 0.048128
d_datekey
sg = 1
Build Kernel time GPU: 0.016384
Build time 0.202752
h_total: 240012412 output_estimate: 240123904 sg: 7
Filter Probe Kernel time GPU: 6.0672
sg = 7 non demand time = 6.11862
Probe time 6.14605
Merge time 0.044512
Result:
Res count = 0
Query Execution Time: 6.47168
CPU Time: 0
GPU Time: 6.0672
Transfer Time: 0
Malloc Time: 0.008416


 Query: 10 19920101 19981231
Query Prepare Time: 0.386848

Query Optimization Time: 0.252928

p_partkey
sg = 1
Build Kernel time GPU: 0.041984
d_datekey
sg = 1
Build Kernel time GPU: 0.01536
Build time 0.1792
sg = 7
filter h_total: 225885792 output_estimate: 240123904 sg: 7
Filter Kernel time GPU: 2.61632
h_total: 225885792 output_estimate: 225885792 sg: 7
Probe Kernel time GPU: 15.8239
sg = 7 non demand time = 18.5425
Probe time 18.5721
Merge time 0.04736
Result:
Res count = 0
Query Execution Time: 18.8707
CPU Time: 0
GPU Time: 18.4402
Transfer Time: 0
Malloc Time: 0.00704


Cumulated Time: 7.2047
Execution time: 6.86346

Select Options:
1. Run Specific Query
2. Run Random Queries
3. Run Experiment
4. Replacement
5. Dump Trace
6. Exit
cache. Cache Specific Column
clear. Delete Columns from GPU
custom. Toggle custom malloc
skipping. Toggle segment skipping
Your Input: 