10
3300000

 Query: 10 19920101 19981231
Query Prepare Time: 0.485184

Query Optimization Time: 0.377856

p_partkey
sg = 1
Build Kernel time GPU: 0.048192
d_datekey
sg = 1
Build Kernel time GPU: 0.016352
Build time 0.21824
h_total: 240012412 output_estimate: 240123904 sg: 7
Filter Probe Kernel time GPU: 6.04979
sg = 7 non demand time = 6.10317
Probe time 6.13082
Merge time 0.051392
Result:
Res count = 0
Query Execution Time: 6.51347
CPU Time: 0
GPU Time: 6.04979
Transfer Time: 0
Malloc Time: 0.00752


 Query: 10 19920101 19981231
Query Prepare Time: 0.410432

Query Optimization Time: 0.282432

p_partkey
sg = 1
Build Kernel time GPU: 0.041984
d_datekey
sg = 1
Build Kernel time GPU: 0.0144
Build time 0.174144
sg = 7
filter h_total: 132362125 output_estimate: 240123904 sg: 7
Filter Kernel time GPU: 2.08589
h_total: 132362125 output_estimate: 132362128 sg: 7
Probe Kernel time GPU: 10.2244
sg = 7 non demand time = 12.4252
Probe time 12.454
Merge time 0.043968
Result:
Res count = 0
Query Execution Time: 12.7478
CPU Time: 0
GPU Time: 12.3103
Transfer Time: 0
Malloc Time: 0.006784


Cumulated Time: 7.2832
Execution time: 6.85395

Select Options:
1. Run Specific Query
2. Run Random Queries
3. Run Experiment
4. Replacement
5. Dump Trace
6. Exit
cache. Cache Specific Column
clear. Delete Columns from GPU
custom. Toggle custom malloc
skipping. Toggle segment skipping
Your Input: 