10
9600000

 Query: 10 19920101 19981231
Query Prepare Time: 0.523776

Query Optimization Time: 0.48128

p_partkey
sg = 1
Build Kernel time GPU: 0.048128
d_datekey
sg = 1
Build Kernel time GPU: 0.017344
Build time 0.232448
h_total: 240012412 output_estimate: 240123904 sg: 7
Filter Probe Kernel time GPU: 6.04774
sg = 7 non demand time = 6.10304
Probe time 6.14605
Merge time 0.04512
Result:
Res count = 0
Query Execution Time: 6.49437
CPU Time: 0
GPU Time: 6.04774
Transfer Time: 0
Malloc Time: 0.007552


 Query: 10 19920101 19981231
Query Prepare Time: 0.410528

Query Optimization Time: 0.3224

p_partkey
sg = 1
Build Kernel time GPU: 0.041984
d_datekey
sg = 1
Build Kernel time GPU: 0.014528
Build time 0.18016
sg = 7
filter h_total: 783549 output_estimate: 240123904 sg: 7
Filter Kernel time GPU: 1.33523
h_total: 783549 output_estimate: 783549 sg: 7
Probe Kernel time GPU: 0.221088
sg = 7 non demand time = 1.65786
Probe time 1.68755
Merge time 0.043808
Result:
Res count = 0
Query Execution Time: 2.00512
CPU Time: 0
GPU Time: 1.55632
Transfer Time: 0
Malloc Time: 0.010464


Cumulated Time: 2.66442
Execution time: 2.29821

Select Options:
1. Run Specific Query
2. Run Random Queries
3. Run Experiment
4. Replacement
5. Dump Trace
6. Exit
cache. Cache Specific Column
clear. Delete Columns from GPU
custom. Toggle custom malloc
skipping. Toggle segment skipping
Your Input: 