10
1500000

 Query: 10 19920101 19981231
Query Prepare Time: 0.505184

Query Optimization Time: 0.352032

p_partkey
sg = 1
Build Kernel time GPU: 0.047328
d_datekey
sg = 1
Build Kernel time GPU: 0.017216
Build time 0.214016
h_total: 240012412 output_estimate: 240123904 sg: 7
Filter Probe Kernel time GPU: 6.02829
sg = 7 non demand time = 6.09485
Probe time 6.1225
Merge time 0.051104
Result:
Res count = 0
Query Execution Time: 6.46365
CPU Time: 0
GPU Time: 6.02829
Transfer Time: 0
Malloc Time: 0.010016


 Query: 10 19920101 19981231
Query Prepare Time: 0.40032

Query Optimization Time: 0.275456

p_partkey
sg = 1
Build Kernel time GPU: 0.044032
d_datekey
sg = 1
Build Kernel time GPU: 0.027648
Build time 0.187392
sg = 7
filter h_total: 192413574 output_estimate: 240123904 sg: 7
Filter Kernel time GPU: 2.42074
h_total: 192413574 output_estimate: 192413568 sg: 7
Probe Kernel time GPU: 13.8044
sg = 7 non demand time = 16.3287
Probe time 16.3656
Merge time 0.047648
Result:
Res count = 0
Query Execution Time: 16.6748
CPU Time: 0
GPU Time: 16.2251
Transfer Time: 0
Malloc Time: 0.007296


Cumulated Time: 7.26435
Execution time: 6.86122

Select Options:
1. Run Specific Query
2. Run Random Queries
3. Run Experiment
4. Replacement
5. Dump Trace
6. Exit
cache. Cache Specific Column
clear. Delete Columns from GPU
custom. Toggle custom malloc
skipping. Toggle segment skipping
Your Input: 