10
8100000

 Query: 10 19920101 19981231
Query Prepare Time: 0.79904

Query Optimization Time: 0.545888

p_partkey
sg = 1
Build Kernel time GPU: 0.062464
d_datekey
sg = 1
Build Kernel time GPU: 0.017408
Build time 0.23552
h_total: 240012412 output_estimate: 240123904 sg: 7
Filter Probe Kernel time GPU: 6.04979
sg = 7 non demand time = 6.10918
Probe time 6.1399
Merge time 0.046176
Result:
Res count = 0
Query Execution Time: 6.49411
CPU Time: 0
GPU Time: 6.04979
Transfer Time: 0
Malloc Time: 0.00816


 Query: 10 19920101 19981231
Query Prepare Time: 0.447968

Query Optimization Time: 0.303104

p_partkey
sg = 1
Build Kernel time GPU: 0.04096
d_datekey
sg = 1
Build Kernel time GPU: 0.01536
Build time 0.172928
sg = 7
filter h_total: 10343447 output_estimate: 240123904 sg: 7
Filter Kernel time GPU: 1.39782
h_total: 10343447 output_estimate: 10343447 sg: 7
Probe Kernel time GPU: 1.28819
sg = 7 non demand time = 2.78938
Probe time 2.81907
Merge time 0.04336
Result:
Res count = 0
Query Execution Time: 3.10989
CPU Time: 0
GPU Time: 2.68602
Transfer Time: 0
Malloc Time: 0.007872


Cumulated Time: 3.80582
Execution time: 3.45936

Select Options:
1. Run Specific Query
2. Run Random Queries
3. Run Experiment
4. Replacement
5. Dump Trace
6. Exit
cache. Cache Specific Column
clear. Delete Columns from GPU
custom. Toggle custom malloc
skipping. Toggle segment skipping
Your Input: 