10
3700000

 Query: 10 19920101 19981231
Query Prepare Time: 0.505376

Query Optimization Time: 0.393216

p_partkey
sg = 1
Build Kernel time GPU: 0.059552
d_datekey
sg = 1
Build Kernel time GPU: 0.016384
Build time 0.22128
h_total: 240012412 output_estimate: 240123904 sg: 7
Filter Probe Kernel time GPU: 6.05286
sg = 7 non demand time = 6.12154
Probe time 6.15117
Merge time 0.045056
Result:
Res count = 0
Query Execution Time: 6.48874
CPU Time: 0
GPU Time: 6.05286
Transfer Time: 0
Malloc Time: 0.006752


 Query: 10 19920101 19981231
Query Prepare Time: 0.435232

Query Optimization Time: 0.284672

p_partkey
sg = 1
Build Kernel time GPU: 0.041952
d_datekey
sg = 1
Build Kernel time GPU: 0.01536
Build time 0.183296
sg = 7
filter h_total: 119008397 output_estimate: 240123904 sg: 7
Filter Kernel time GPU: 2.00192
h_total: 119008397 output_estimate: 119008400 sg: 7
Probe Kernel time GPU: 9.3952
sg = 7 non demand time = 11.4984
Probe time 11.5292
Merge time 0.043776
Result:
Res count = 0
Query Execution Time: 11.8258
CPU Time: 0
GPU Time: 11.3971
Transfer Time: 0
Malloc Time: 0.006752


Cumulated Time: 7.33491
Execution time: 6.89664

Select Options:
1. Run Specific Query
2. Run Random Queries
3. Run Experiment
4. Replacement
5. Dump Trace
6. Exit
cache. Cache Specific Column
clear. Delete Columns from GPU
custom. Toggle custom malloc
skipping. Toggle segment skipping
Your Input: 