10
4600000

 Query: 10 19920101 19981231
Query Prepare Time: 0.464512

Query Optimization Time: 0.478048

p_partkey
sg = 1
Build Kernel time GPU: 0.04928
d_datekey
sg = 1
Build Kernel time GPU: 0.016384
Build time 0.208928
h_total: 240012412 output_estimate: 240123904 sg: 7
Filter Probe Kernel time GPU: 6.04269
sg = 7 non demand time = 6.09683
Probe time 6.12966
Merge time 0.046848
Result:
Res count = 0
Query Execution Time: 6.46061
CPU Time: 0
GPU Time: 6.04269
Transfer Time: 0
Malloc Time: 0.007328


 Query: 10 19920101 19981231
Query Prepare Time: 0.425088

Query Optimization Time: 0.288768

p_partkey
sg = 1
Build Kernel time GPU: 0.04096
d_datekey
sg = 1
Build Kernel time GPU: 0.01536
Build time 0.169984
sg = 7
filter h_total: 89006970 output_estimate: 240123904 sg: 7
Filter Kernel time GPU: 1.8176
h_total: 89006970 output_estimate: 89006968 sg: 7
Probe Kernel time GPU: 7.60115
sg = 7 non demand time = 9.52419
Probe time 9.5529
Merge time 0.048704
Result:
Res count = 0
Query Execution Time: 9.84995
CPU Time: 0
GPU Time: 9.41875
Transfer Time: 0
Malloc Time: 0.007744


Cumulated Time: 7.34694
Execution time: 6.82205

Select Options:
1. Run Specific Query
2. Run Random Queries
3. Run Experiment
4. Replacement
5. Dump Trace
6. Exit
cache. Cache Specific Column
clear. Delete Columns from GPU
custom. Toggle custom malloc
skipping. Toggle segment skipping
Your Input: 