10
7800000

 Query: 10 19920101 19981231
Query Prepare Time: 0.493888

Query Optimization Time: 0.50688

p_partkey
sg = 1
Build Kernel time GPU: 0.049152
d_datekey
sg = 1
Build Kernel time GPU: 0.016384
Build time 0.231424
h_total: 240012412 output_estimate: 240123904 sg: 7
Filter Probe Kernel time GPU: 6.08154
sg = 7 non demand time = 6.14912
Probe time 6.18906
Merge time 0.052768
Result:
Res count = 0
Query Execution Time: 6.55091
CPU Time: 0
GPU Time: 6.08154
Transfer Time: 0
Malloc Time: 0.007744


 Query: 10 19920101 19981231
Query Prepare Time: 0.405856

Query Optimization Time: 0.345088

p_partkey
sg = 1
Build Kernel time GPU: 0.042944
d_datekey
sg = 1
Build Kernel time GPU: 0.016352
Build time 0.1792
sg = 7
filter h_total: 13778226 output_estimate: 240123904 sg: 7
Filter Kernel time GPU: 1.41926
h_total: 13778226 output_estimate: 13778226 sg: 7
Probe Kernel time GPU: 1.65674
sg = 7 non demand time = 3.1743
Probe time 3.20307
Merge time 0.04288
Result:
Res count = 0
Query Execution Time: 3.49664
CPU Time: 0
GPU Time: 3.076
Transfer Time: 0
Malloc Time: 0.006944


Cumulated Time: 4.19603
Execution time: 3.80806

Select Options:
1. Run Specific Query
2. Run Random Queries
3. Run Experiment
4. Replacement
5. Dump Trace
6. Exit
cache. Cache Specific Column
clear. Delete Columns from GPU
custom. Toggle custom malloc
skipping. Toggle segment skipping
Your Input: 