10
6900000

 Query: 10 19920101 19981231
Query Prepare Time: 0.50784

Query Optimization Time: 0.44544

p_partkey
sg = 1
Build Kernel time GPU: 0.049984
d_datekey
sg = 1
Build Kernel time GPU: 0.016224
Build time 0.208896
h_total: 240012412 output_estimate: 240123904 sg: 7
Filter Probe Kernel time GPU: 6.04672
sg = 7 non demand time = 6.10816
Probe time 6.13779
Merge time 0.050656
Result:
Res count = 0
Query Execution Time: 6.46701
CPU Time: 0
GPU Time: 6.04672
Transfer Time: 0
Malloc Time: 0.007456


 Query: 10 19920101 19981231
Query Prepare Time: 0.415296

Query Optimization Time: 0.331584

p_partkey
sg = 1
Build Kernel time GPU: 0.043008
d_datekey
sg = 1
Build Kernel time GPU: 0.01536
Build time 0.192512
sg = 7
filter h_total: 27507767 output_estimate: 240123904 sg: 7
Filter Kernel time GPU: 1.49386
h_total: 27507767 output_estimate: 27507768 sg: 7
Probe Kernel time GPU: 3.00749
sg = 7 non demand time = 4.59878
Probe time 4.63267
Merge time 0.04256
Result:
Res count = 0
Query Execution Time: 4.94304
CPU Time: 0
GPU Time: 4.50134
Transfer Time: 0
Malloc Time: 0.008896


Cumulated Time: 5.63418
Execution time: 5.26003

Select Options:
1. Run Specific Query
2. Run Random Queries
3. Run Experiment
4. Replacement
5. Dump Trace
6. Exit
cache. Cache Specific Column
clear. Delete Columns from GPU
custom. Toggle custom malloc
skipping. Toggle segment skipping
Your Input: 