10
9000000

 Query: 10 19920101 19981231
Query Prepare Time: 0.52816

Query Optimization Time: 0.49664

p_partkey
sg = 1
Build Kernel time GPU: 0.048224
d_datekey
sg = 1
Build Kernel time GPU: 0.016544
Build time 0.219136
h_total: 240012412 output_estimate: 240123904 sg: 7
Filter Probe Kernel time GPU: 6.06086
sg = 7 non demand time = 6.11738
Probe time 6.1481
Merge time 0.06624
Result:
Res count = 0
Query Execution Time: 6.50454
CPU Time: 0
GPU Time: 6.06086
Transfer Time: 0
Malloc Time: 0.007584


 Query: 10 19920101 19981231
Query Prepare Time: 0.4248

Query Optimization Time: 0.315264

p_partkey
sg = 1
Build Kernel time GPU: 0.041984
d_datekey
sg = 1
Build Kernel time GPU: 0.015488
Build time 0.173056
sg = 7
filter h_total: 3149526 output_estimate: 240123904 sg: 7
Filter Kernel time GPU: 1.35782
h_total: 3149526 output_estimate: 3149526 sg: 7
Probe Kernel time GPU: 0.5928
sg = 7 non demand time = 2.05498
Probe time 2.08378
Merge time 0.041728
Result:
Res count = 0
Query Execution Time: 2.36973
CPU Time: 0
GPU Time: 1.95062
Transfer Time: 0
Malloc Time: 0.00784


Cumulated Time: 3.0585
Execution time: 2.7015

Select Options:
1. Run Specific Query
2. Run Random Queries
3. Run Experiment
4. Replacement
5. Dump Trace
6. Exit
cache. Cache Specific Column
clear. Delete Columns from GPU
custom. Toggle custom malloc
skipping. Toggle segment skipping
Your Input: 