10
2600000

 Query: 10 19920101 19981231
Query Prepare Time: 0.505248

Query Optimization Time: 0.366592

p_partkey
sg = 1
Build Kernel time GPU: 0.047104
d_datekey
sg = 1
Build Kernel time GPU: 0.015392
Build time 0.206848
h_total: 240012412 output_estimate: 240123904 sg: 7
Filter Probe Kernel time GPU: 6.0345
sg = 7 non demand time = 6.08666
Probe time 6.12762
Merge time 0.045152
Result:
Res count = 0
Query Execution Time: 6.44989
CPU Time: 0
GPU Time: 6.0345
Transfer Time: 0
Malloc Time: 0.007424


 Query: 10 19920101 19981231
Query Prepare Time: 0.395552

Query Optimization Time: 0.308224

p_partkey
sg = 1
Build Kernel time GPU: 0.043008
d_datekey
sg = 1
Build Kernel time GPU: 0.01616
Build time 0.173056
sg = 7
filter h_total: 155715479 output_estimate: 240123904 sg: 7
Filter Kernel time GPU: 2.21203
h_total: 155715479 output_estimate: 155715472 sg: 7
Probe Kernel time GPU: 11.6007
sg = 7 non demand time = 13.9214
Probe time 13.952
Merge time 0.047808
Result:
Res count = 0
Query Execution Time: 14.2519
CPU Time: 0
GPU Time: 13.8127
Transfer Time: 0
Malloc Time: 0.010016


Cumulated Time: 7.27056
Execution time: 6.85882

Select Options:
1. Run Specific Query
2. Run Random Queries
3. Run Experiment
4. Replacement
5. Dump Trace
6. Exit
cache. Cache Specific Column
clear. Delete Columns from GPU
custom. Toggle custom malloc
skipping. Toggle segment skipping
Your Input: 