10
3400000

 Query: 10 19920101 19981231
Query Prepare Time: 0.465184

Query Optimization Time: 0.422912

p_partkey
sg = 1
Build Kernel time GPU: 0.048128
d_datekey
sg = 1
Build Kernel time GPU: 0.016384
Build time 0.207872
h_total: 240012412 output_estimate: 240123904 sg: 7
Filter Probe Kernel time GPU: 6.04886
sg = 7 non demand time = 6.10509
Probe time 6.13286
Merge time 0.052288
Result:
Res count = 0
Query Execution Time: 6.46966
CPU Time: 0
GPU Time: 6.04886
Transfer Time: 0
Malloc Time: 0.007328


 Query: 10 19920101 19981231
Query Prepare Time: 0.403264

Query Optimization Time: 0.306176

p_partkey
sg = 1
Build Kernel time GPU: 0.041984
d_datekey
sg = 1
Build Kernel time GPU: 0.01552
Build time 0.185344
sg = 7
filter h_total: 129031097 output_estimate: 240123904 sg: 7
Filter Kernel time GPU: 2.05517
h_total: 129031097 output_estimate: 129031096 sg: 7
Probe Kernel time GPU: 10.0505
sg = 7 non demand time = 12.2132
Probe time 12.2429
Merge time 0.042656
Result:
Res count = 0
Query Execution Time: 12.5475
CPU Time: 0
GPU Time: 12.1057
Transfer Time: 0
Malloc Time: 0.007776


Cumulated Time: 7.30016
Execution time: 6.82496

Select Options:
1. Run Specific Query
2. Run Random Queries
3. Run Experiment
4. Replacement
5. Dump Trace
6. Exit
cache. Cache Specific Column
clear. Delete Columns from GPU
custom. Toggle custom malloc
skipping. Toggle segment skipping
Your Input: 