10
10300000

 Query: 10 19920101 19981231
Query Prepare Time: 0.489568

Query Optimization Time: 0.532704

p_partkey
sg = 1
Build Kernel time GPU: 0.047936
d_datekey
sg = 1
Build Kernel time GPU: 0.016384
Build time 0.222208
h_total: 240012412 output_estimate: 240123904 sg: 7
Filter Probe Kernel time GPU: 6.03462
sg = 7 non demand time = 6.08973
Probe time 6.1247
Merge time 0.045568
Result:
Res count = 0
Query Execution Time: 6.46259
CPU Time: 0
GPU Time: 6.03462
Transfer Time: 0
Malloc Time: 0.007712


 Query: 10 19920101 19981231
Query Prepare Time: 0.411776

Query Optimization Time: 0.315424

p_partkey
sg = 1
Build Kernel time GPU: 0.04096
d_datekey
sg = 1
Build Kernel time GPU: 0.015232
Build time 0.172032
sg = 7
filter h_total: 18762 output_estimate: 240123904 sg: 7
Filter Kernel time GPU: 1.32506
h_total: 18762 output_estimate: 18762 sg: 7
Probe Kernel time GPU: 0.031904
sg = 7 non demand time = 1.46227
Probe time 1.48992
Merge time 0.04288
Result:
Res count = 0
Query Execution Time: 1.77978
CPU Time: 0
GPU Time: 1.35696
Transfer Time: 0
Malloc Time: 0.00848


Cumulated Time: 2.45114
Execution time: 2.09283

Select Options:
1. Run Specific Query
2. Run Random Queries
3. Run Experiment
4. Replacement
5. Dump Trace
6. Exit
cache. Cache Specific Column
clear. Delete Columns from GPU
custom. Toggle custom malloc
skipping. Toggle segment skipping
Your Input: 