10
4700000

 Query: 10 19920101 19981231
Query Prepare Time: 0.500544

Query Optimization Time: 0.402432

p_partkey
sg = 1
Build Kernel time GPU: 0.04816
d_datekey
sg = 1
Build Kernel time GPU: 0.016384
Build time 0.208896
h_total: 240012412 output_estimate: 240123904 sg: 7
Filter Probe Kernel time GPU: 6.07523
sg = 7 non demand time = 6.12966
Probe time 6.16534
Merge time 0.045952
Result:
Res count = 0
Query Execution Time: 6.49062
CPU Time: 0
GPU Time: 6.07523
Transfer Time: 0
Malloc Time: 0.007296


 Query: 10 19920101 19981231
Query Prepare Time: 0.407424

Query Optimization Time: 0.324608

p_partkey
sg = 1
Build Kernel time GPU: 0.043008
d_datekey
sg = 1
Build Kernel time GPU: 0.016384
Build time 0.17408
sg = 7
filter h_total: 85684567 output_estimate: 240123904 sg: 7
Filter Kernel time GPU: 1.792
h_total: 85684567 output_estimate: 85684568 sg: 7
Probe Kernel time GPU: 7.28474
sg = 7 non demand time = 9.1904
Probe time 9.22214
Merge time 0.043936
Result:
Res count = 0
Query Execution Time: 9.51766
CPU Time: 0
GPU Time: 9.07674
Transfer Time: 0
Malloc Time: 0.009152


Cumulated Time: 7.34202
Execution time: 6.89363

Select Options:
1. Run Specific Query
2. Run Random Queries
3. Run Experiment
4. Replacement
5. Dump Trace
6. Exit
cache. Cache Specific Column
clear. Delete Columns from GPU
custom. Toggle custom malloc
skipping. Toggle segment skipping
Your Input: 