10
2400000

 Query: 10 19920101 19981231
Query Prepare Time: 0.500064

Query Optimization Time: 0.366592

p_partkey
sg = 1
Build Kernel time GPU: 0.047904
d_datekey
sg = 1
Build Kernel time GPU: 0.016384
Build time 0.20992
h_total: 240012412 output_estimate: 240123904 sg: 7
Filter Probe Kernel time GPU: 6.05293
sg = 7 non demand time = 6.10611
Probe time 6.13786
Merge time 0.059328
Result:
Res count = 0
Query Execution Time: 6.47709
CPU Time: 0
GPU Time: 6.05293
Transfer Time: 0
Malloc Time: 0.007648


 Query: 10 19920101 19981231
Query Prepare Time: 0.415488

Query Optimization Time: 0.27648

p_partkey
sg = 1
Build Kernel time GPU: 0.041984
d_datekey
sg = 1
Build Kernel time GPU: 0.01536
Build time 0.184128
sg = 7
filter h_total: 162386984 output_estimate: 240123904 sg: 7
Filter Kernel time GPU: 2.24973
h_total: 162386984 output_estimate: 162386976 sg: 7
Probe Kernel time GPU: 11.9972
sg = 7 non demand time = 14.3545
Probe time 14.3841
Merge time 0.043264
Result:
Res count = 0
Query Execution Time: 14.6995
CPU Time: 0
GPU Time: 14.2469
Transfer Time: 0
Malloc Time: 0.006912


Cumulated Time: 7.29226
Execution time: 6.86634

Select Options:
1. Run Specific Query
2. Run Random Queries
3. Run Experiment
4. Replacement
5. Dump Trace
6. Exit
cache. Cache Specific Column
clear. Delete Columns from GPU
custom. Toggle custom malloc
skipping. Toggle segment skipping
Your Input: 