10
1000000

 Query: 10 19920101 19981231
Query Prepare Time: 0.500384

Query Optimization Time: 0.308224

p_partkey
sg = 1
Build Kernel time GPU: 0.048128
d_datekey
sg = 1
Build Kernel time GPU: 0.016384
Build time 0.210048
h_total: 240012412 output_estimate: 240123904 sg: 7
Filter Probe Kernel time GPU: 6.05696
sg = 7 non demand time = 6.10998
Probe time 6.13786
Merge time 0.050528
Result:
Res count = 0
Query Execution Time: 6.46854
CPU Time: 0
GPU Time: 6.05696
Transfer Time: 0
Malloc Time: 0.007456


 Query: 10 19920101 19981231
Query Prepare Time: 0.385728

Query Optimization Time: 0.310272

p_partkey
sg = 1
Build Kernel time GPU: 0.042912
d_datekey
sg = 1
Build Kernel time GPU: 0.01536
Build time 0.216064
sg = 7
filter h_total: 209002845 output_estimate: 240123904 sg: 7
Filter Kernel time GPU: 2.52336
h_total: 209002845 output_estimate: 209002848 sg: 7
Probe Kernel time GPU: 14.8224
sg = 7 non demand time = 17.454
Probe time 17.4848
Merge time 0.085344
Result:
Res count = 0
Query Execution Time: 17.8616
CPU Time: 0
GPU Time: 17.3458
Transfer Time: 0
Malloc Time: 0.007072


Cumulated Time: 7.22602
Execution time: 6.86726

Select Options:
1. Run Specific Query
2. Run Random Queries
3. Run Experiment
4. Replacement
5. Dump Trace
6. Exit
cache. Cache Specific Column
clear. Delete Columns from GPU
custom. Toggle custom malloc
skipping. Toggle segment skipping
Your Input: 