10
6700000

 Query: 10 19920101 19981231
Query Prepare Time: 0.498816

Query Optimization Time: 0.427008

p_partkey
sg = 1
Build Kernel time GPU: 0.048096
d_datekey
sg = 1
Build Kernel time GPU: 0.016384
Build time 0.218112
h_total: 240012412 output_estimate: 240123904 sg: 7
Filter Probe Kernel time GPU: 6.03456
sg = 7 non demand time = 6.08973
Probe time 6.11942
Merge time 0.045056
Result:
Res count = 0
Query Execution Time: 6.46096
CPU Time: 0
GPU Time: 6.03456
Transfer Time: 0
Malloc Time: 0.008032


 Query: 10 19920101 19981231
Query Prepare Time: 0.415168

Query Optimization Time: 0.310272

p_partkey
sg = 1
Build Kernel time GPU: 0.042848
d_datekey
sg = 1
Build Kernel time GPU: 0.01536
Build time 0.199584
sg = 7
filter h_total: 31292913 output_estimate: 240123904 sg: 7
Filter Kernel time GPU: 1.51142
h_total: 31292913 output_estimate: 31292912 sg: 7
Probe Kernel time GPU: 3.34336
sg = 7 non demand time = 4.95411
Probe time 4.9879
Merge time 0.043776
Result:
Res count = 0
Query Execution Time: 5.30317
CPU Time: 0
GPU Time: 4.85478
Transfer Time: 0
Malloc Time: 0.008096


Cumulated Time: 5.97555
Execution time: 5.6215

Select Options:
1. Run Specific Query
2. Run Random Queries
3. Run Experiment
4. Replacement
5. Dump Trace
6. Exit
cache. Cache Specific Column
clear. Delete Columns from GPU
custom. Toggle custom malloc
skipping. Toggle segment skipping
Your Input: 