10
4100000

 Query: 10 19920101 19981231
Query Prepare Time: 0.484928

Query Optimization Time: 0.386048

p_partkey
sg = 1
Build Kernel time GPU: 0.047968
d_datekey
sg = 1
Build Kernel time GPU: 0.016288
Build time 0.223232
h_total: 240012412 output_estimate: 240123904 sg: 7
Filter Probe Kernel time GPU: 6.03955
sg = 7 non demand time = 6.092
Probe time 6.12045
Merge time 0.047328
Result:
Res count = 0
Query Execution Time: 6.46531
CPU Time: 0
GPU Time: 6.03955
Transfer Time: 0
Malloc Time: 0.00736


 Query: 10 19920101 19981231
Query Prepare Time: 0.408128

Query Optimization Time: 0.3072

p_partkey
sg = 1
Build Kernel time GPU: 0.04096
d_datekey
sg = 1
Build Kernel time GPU: 0.016192
Build time 0.187392
sg = 7
filter h_total: 105686068 output_estimate: 240123904 sg: 7
Filter Kernel time GPU: 1.91898
h_total: 105686068 output_estimate: 105686064 sg: 7
Probe Kernel time GPU: 8.56269
sg = 7 non demand time = 10.5892
Probe time 10.6221
Merge time 0.043392
Result:
Res count = 0
Query Execution Time: 10.926
CPU Time: 0
GPU Time: 10.4817
Transfer Time: 0
Malloc Time: 0.007264


Cumulated Time: 7.28147
Execution time: 6.8481

Select Options:
1. Run Specific Query
2. Run Random Queries
3. Run Experiment
4. Replacement
5. Dump Trace
6. Exit
cache. Cache Specific Column
clear. Delete Columns from GPU
custom. Toggle custom malloc
skipping. Toggle segment skipping
Your Input: 