10
8000000

 Query: 10 19920101 19981231
Query Prepare Time: 0.485568

Query Optimization Time: 0.492544

p_partkey
sg = 1
Build Kernel time GPU: 0.048288
d_datekey
sg = 1
Build Kernel time GPU: 0.016384
Build time 0.207872
h_total: 240012412 output_estimate: 240123904 sg: 7
Filter Probe Kernel time GPU: 6.04467
sg = 7 non demand time = 6.09894
Probe time 6.1399
Merge time 0.044704
Result:
Res count = 0
Query Execution Time: 6.46387
CPU Time: 0
GPU Time: 6.04467
Transfer Time: 0
Malloc Time: 0.00736


 Query: 10 19920101 19981231
Query Prepare Time: 0.429408

Query Optimization Time: 0.3288

p_partkey
sg = 1
Build Kernel time GPU: 0.041984
d_datekey
sg = 1
Build Kernel time GPU: 0.01536
Build time 0.17632
sg = 7
filter h_total: 11426586 output_estimate: 240123904 sg: 7
Filter Kernel time GPU: 1.40493
h_total: 11426586 output_estimate: 11426586 sg: 7
Probe Kernel time GPU: 1.408
sg = 7 non demand time = 2.91533
Probe time 2.94298
Merge time 0.04304
Result:
Res count = 0
Query Execution Time: 3.23939
CPU Time: 0
GPU Time: 2.81293
Transfer Time: 0
Malloc Time: 0.00704


Cumulated Time: 3.9408
Execution time: 3.56896

Select Options:
1. Run Specific Query
2. Run Random Queries
3. Run Experiment
4. Replacement
5. Dump Trace
6. Exit
cache. Cache Specific Column
clear. Delete Columns from GPU
custom. Toggle custom malloc
skipping. Toggle segment skipping
Your Input: 