10
2700000

 Query: 10 19920101 19981231
Query Prepare Time: 0.454944

Query Optimization Time: 0.418752

p_partkey
sg = 1
Build Kernel time GPU: 0.04896
d_datekey
sg = 1
Build Kernel time GPU: 0.016384
Build time 0.21504
h_total: 240012412 output_estimate: 240123904 sg: 7
Filter Probe Kernel time GPU: 6.0457
sg = 7 non demand time = 6.09894
Probe time 6.13066
Merge time 0.046336
Result:
Res count = 0
Query Execution Time: 6.46589
CPU Time: 0
GPU Time: 6.0457
Transfer Time: 0
Malloc Time: 0.007168


 Query: 10 19920101 19981231
Query Prepare Time: 0.430528

Query Optimization Time: 0.29184

p_partkey
sg = 1
Build Kernel time GPU: 0.04096
d_datekey
sg = 1
Build Kernel time GPU: 0.015424
Build time 0.185344
sg = 7
filter h_total: 152374322 output_estimate: 240123904 sg: 7
Filter Kernel time GPU: 2.19434
h_total: 152374322 output_estimate: 152374320 sg: 7
Probe Kernel time GPU: 11.4391
sg = 7 non demand time = 13.7421
Probe time 13.7728
Merge time 0.049088
Result:
Res count = 0
Query Execution Time: 14.0789
CPU Time: 0
GPU Time: 13.6334
Transfer Time: 0
Malloc Time: 0.006144


Cumulated Time: 7.28448
Execution time: 6.81939

Select Options:
1. Run Specific Query
2. Run Random Queries
3. Run Experiment
4. Replacement
5. Dump Trace
6. Exit
cache. Cache Specific Column
clear. Delete Columns from GPU
custom. Toggle custom malloc
skipping. Toggle segment skipping
Your Input: 