10
5600000

 Query: 10 19920101 19981231
Query Prepare Time: 0.498816

Query Optimization Time: 0.424864

p_partkey
sg = 1
Build Kernel time GPU: 0.049152
d_datekey
sg = 1
Build Kernel time GPU: 0.016384
Build time 0.213856
h_total: 240012412 output_estimate: 240123904 sg: 7
Filter Probe Kernel time GPU: 6.06198
sg = 7 non demand time = 6.11738
Probe time 6.15232
Merge time 0.045568
Result:
Res count = 0
Query Execution Time: 6.48698
CPU Time: 0
GPU Time: 6.06198
Transfer Time: 0
Malloc Time: 0.008416


 Query: 10 19920101 19981231
Query Prepare Time: 0.437504

Query Optimization Time: 0.291616

p_partkey
sg = 1
Build Kernel time GPU: 0.04096
d_datekey
sg = 1
Build Kernel time GPU: 0.01536
Build time 0.171008
sg = 7
filter h_total: 57507885 output_estimate: 240123904 sg: 7
Filter Kernel time GPU: 1.64557
h_total: 57507885 output_estimate: 57507884 sg: 7
Probe Kernel time GPU: 5.40979
sg = 7 non demand time = 7.16186
Probe time 7.19155
Merge time 0.043456
Result:
Res count = 0
Query Execution Time: 7.48304
CPU Time: 0
GPU Time: 7.05536
Transfer Time: 0
Malloc Time: 0.008256


Cumulated Time: 7.35466
Execution time: 6.88422

Select Options:
1. Run Specific Query
2. Run Random Queries
3. Run Experiment
4. Replacement
5. Dump Trace
6. Exit
cache. Cache Specific Column
clear. Delete Columns from GPU
custom. Toggle custom malloc
skipping. Toggle segment skipping
Your Input: 