10
7000000

 Query: 10 19920101 19981231
Query Prepare Time: 0.458336

Query Optimization Time: 0.493568

p_partkey
sg = 1
Build Kernel time GPU: 0.048
d_datekey
sg = 1
Build Kernel time GPU: 0.016352
Build time 0.207872
h_total: 240012412 output_estimate: 240123904 sg: 7
Filter Probe Kernel time GPU: 6.06925
sg = 7 non demand time = 6.12352
Probe time 6.15206
Merge time 0.045088
Result:
Res count = 0
Query Execution Time: 6.47523
CPU Time: 0
GPU Time: 6.06925
Transfer Time: 0
Malloc Time: 0.007872


 Query: 10 19920101 19981231
Query Prepare Time: 0.410496

Query Optimization Time: 0.297984

p_partkey
sg = 1
Build Kernel time GPU: 0.0512
d_datekey
sg = 1
Build Kernel time GPU: 0.015392
Build time 0.195584
sg = 7
filter h_total: 25714329 output_estimate: 240123904 sg: 7
Filter Kernel time GPU: 1.48275
h_total: 25714329 output_estimate: 25714328 sg: 7
Probe Kernel time GPU: 2.83971
sg = 7 non demand time = 4.42163
Probe time 4.45043
Merge time 0.042784
Result:
Res count = 0
Query Execution Time: 4.76496
CPU Time: 0
GPU Time: 4.32246
Transfer Time: 0
Malloc Time: 0.005568


Cumulated Time: 5.41706
Execution time: 5.07629

Select Options:
1. Run Specific Query
2. Run Random Queries
3. Run Experiment
4. Replacement
5. Dump Trace
6. Exit
cache. Cache Specific Column
clear. Delete Columns from GPU
custom. Toggle custom malloc
skipping. Toggle segment skipping
Your Input: 