10
4800000

 Query: 10 19920101 19981231
Query Prepare Time: 0.46112

Query Optimization Time: 0.403456

p_partkey
sg = 1
Build Kernel time GPU: 0.047968
d_datekey
sg = 1
Build Kernel time GPU: 0.016384
Build time 0.23552
h_total: 240012412 output_estimate: 240123904 sg: 7
Filter Probe Kernel time GPU: 6.05184
sg = 7 non demand time = 6.10611
Probe time 6.13581
Merge time 0.045376
Result:
Res count = 0
Query Execution Time: 6.50157
CPU Time: 0
GPU Time: 6.05184
Transfer Time: 0
Malloc Time: 0.008544


 Query: 10 19920101 19981231
Query Prepare Time: 0.407296

Query Optimization Time: 0.29696

p_partkey
sg = 1
Build Kernel time GPU: 0.041984
d_datekey
sg = 1
Build Kernel time GPU: 0.01536
Build time 0.199904
sg = 7
filter h_total: 82366529 output_estimate: 240123904 sg: 7
Filter Kernel time GPU: 1.77962
h_total: 82366529 output_estimate: 82366528 sg: 7
Probe Kernel time GPU: 7.10861
sg = 7 non demand time = 8.99277
Probe time 9.02467
Merge time 0.043328
Result:
Res count = 0
Query Execution Time: 9.33763
CPU Time: 0
GPU Time: 8.88822
Transfer Time: 0
Malloc Time: 0.007616


Cumulated Time: 7.30086
Execution time: 6.85203

Select Options:
1. Run Specific Query
2. Run Random Queries
3. Run Experiment
4. Replacement
5. Dump Trace
6. Exit
cache. Cache Specific Column
clear. Delete Columns from GPU
custom. Toggle custom malloc
skipping. Toggle segment skipping
Your Input: 