10
10400000

 Query: 10 19920101 19981231
Query Prepare Time: 0.50704

Query Optimization Time: 0.505856

p_partkey
sg = 1
Build Kernel time GPU: 0.048128
d_datekey
sg = 1
Build Kernel time GPU: 0.016384
Build time 0.222272
h_total: 240012412 output_estimate: 240123904 sg: 7
Filter Probe Kernel time GPU: 6.03638
sg = 7 non demand time = 6.08778
Probe time 6.1225
Merge time 0.04544
Result:
Res count = 0
Query Execution Time: 6.4615
CPU Time: 0
GPU Time: 6.03638
Transfer Time: 0
Malloc Time: 0.00736


 Query: 10 19920101 19981231
Query Prepare Time: 0.410496

Query Optimization Time: 0.360448

p_partkey
sg = 1
Build Kernel time GPU: 0.041984
d_datekey
sg = 1
Build Kernel time GPU: 0.01616
Build time 0.180224
sg = 7
filter h_total: 4575 output_estimate: 240123904 sg: 7
Filter Kernel time GPU: 1.32506
h_total: 4575 output_estimate: 4575 sg: 7
Probe Kernel time GPU: 0.026624
sg = 7 non demand time = 1.4641
Probe time 1.49299
Merge time 0.04
Result:
Res count = 0
Query Execution Time: 1.79082
CPU Time: 0
GPU Time: 1.35168
Transfer Time: 0
Malloc Time: 0.008928


Cumulated Time: 2.50406
Execution time: 2.10362

Select Options:
1. Run Specific Query
2. Run Random Queries
3. Run Experiment
4. Replacement
5. Dump Trace
6. Exit
cache. Cache Specific Column
clear. Delete Columns from GPU
custom. Toggle custom malloc
skipping. Toggle segment skipping
Your Input: 