10
4500000

 Query: 10 19920101 19981231
Query Prepare Time: 0.50176

Query Optimization Time: 0.405504

p_partkey
sg = 1
Build Kernel time GPU: 0.049056
d_datekey
sg = 1
Build Kernel time GPU: 0.016384
Build time 0.210784
h_total: 240012412 output_estimate: 240123904 sg: 7
Filter Probe Kernel time GPU: 6.0457
sg = 7 non demand time = 6.09894
Probe time 6.13274
Merge time 0.059168
Result:
Res count = 0
Query Execution Time: 6.47165
CPU Time: 0
GPU Time: 6.0457
Transfer Time: 0
Malloc Time: 0.01008


 Query: 10 19920101 19981231
Query Prepare Time: 0.428256

Query Optimization Time: 0.287744

p_partkey
sg = 1
Build Kernel time GPU: 0.043008
d_datekey
sg = 1
Build Kernel time GPU: 0.01536
Build time 0.180128
sg = 7
filter h_total: 92340285 output_estimate: 240123904 sg: 7
Filter Kernel time GPU: 1.84115
h_total: 92340285 output_estimate: 92340288 sg: 7
Probe Kernel time GPU: 7.78445
sg = 7 non demand time = 9.72787
Probe time 9.75664
Merge time 0.044448
Result:
Res count = 0
Query Execution Time: 10.056
CPU Time: 0
GPU Time: 9.6256
Transfer Time: 0
Malloc Time: 0.006816


Cumulated Time: 7.32845
Execution time: 6.86378

Select Options:
1. Run Specific Query
2. Run Random Queries
3. Run Experiment
4. Replacement
5. Dump Trace
6. Exit
cache. Cache Specific Column
clear. Delete Columns from GPU
custom. Toggle custom malloc
skipping. Toggle segment skipping
Your Input: 