10
400000

 Query: 10 19920101 19981231
Query Prepare Time: 0.457536

Query Optimization Time: 0.328704

p_partkey
sg = 1
Build Kernel time GPU: 0.048128
d_datekey
sg = 1
Build Kernel time GPU: 0.016384
Build time 0.202752
h_total: 240012412 output_estimate: 240123904 sg: 7
Filter Probe Kernel time GPU: 6.04774
sg = 7 non demand time = 6.09997
Probe time 6.12762
Merge time 0.052128
Result:
Res count = 0
Query Execution Time: 6.45578
CPU Time: 0
GPU Time: 6.04774
Transfer Time: 0
Malloc Time: 0.00688


 Query: 10 19920101 19981231
Query Prepare Time: 0.438816

Query Optimization Time: 0.270336

p_partkey
sg = 1
Build Kernel time GPU: 0.041984
d_datekey
sg = 1
Build Kernel time GPU: 0.01536
Build time 0.167936
sg = 7
filter h_total: 228805913 output_estimate: 240123904 sg: 7
Filter Kernel time GPU: 2.62451
h_total: 228805913 output_estimate: 228805920 sg: 7
Probe Kernel time GPU: 16.001
sg = 7 non demand time = 18.729
Probe time 18.7597
Merge time 0.045792
Result:
Res count = 0
Query Execution Time: 19.0685
CPU Time: 0
GPU Time: 18.6255
Transfer Time: 0
Malloc Time: 0.006784


Cumulated Time: 7.18765
Execution time: 6.80682

Select Options:
1. Run Specific Query
2. Run Random Queries
3. Run Experiment
4. Replacement
5. Dump Trace
6. Exit
cache. Cache Specific Column
clear. Delete Columns from GPU
custom. Toggle custom malloc
skipping. Toggle segment skipping
Your Input: 