10
1200000

 Query: 10 19920101 19981231
Query Prepare Time: 0.523776

Query Optimization Time: 0.329728

p_partkey
sg = 1
Build Kernel time GPU: 0.048128
d_datekey
sg = 1
Build Kernel time GPU: 0.016384
Build time 0.214016
h_total: 240012412 output_estimate: 240123904 sg: 7
Filter Probe Kernel time GPU: 6.03546
sg = 7 non demand time = 6.09178
Probe time 6.12131
Merge time 0.049984
Result:
Res count = 0
Query Execution Time: 6.456
CPU Time: 0
GPU Time: 6.03546
Transfer Time: 0
Malloc Time: 0.00768


 Query: 10 19920101 19981231
Query Prepare Time: 0.409536

Query Optimization Time: 0.280576

p_partkey
sg = 1
Build Kernel time GPU: 0.041984
d_datekey
sg = 1
Build Kernel time GPU: 0.01536
Build time 0.185472
sg = 7
filter h_total: 202361333 output_estimate: 240123904 sg: 7
Filter Kernel time GPU: 2.46976
h_total: 202361333 output_estimate: 202361328 sg: 7
Probe Kernel time GPU: 14.3974
sg = 7 non demand time = 16.9748
Probe time 17.0055
Merge time 0.047904
Result:
Res count = 0
Query Execution Time: 17.3103
CPU Time: 0
GPU Time: 16.8672
Transfer Time: 0
Malloc Time: 0.009472


Cumulated Time: 7.25818
Execution time: 6.87846

Select Options:
1. Run Specific Query
2. Run Random Queries
3. Run Experiment
4. Replacement
5. Dump Trace
6. Exit
cache. Cache Specific Column
clear. Delete Columns from GPU
custom. Toggle custom malloc
skipping. Toggle segment skipping
Your Input: 