10
9400000

 Query: 10 19920101 19981231
Query Prepare Time: 0.45408

Query Optimization Time: 0.50688

p_partkey
sg = 1
Build Kernel time GPU: 0.048128
d_datekey
sg = 1
Build Kernel time GPU: 0.016384
Build time 0.205824
h_total: 240012412 output_estimate: 240123904 sg: 7
Filter Probe Kernel time GPU: 6.03834
sg = 7 non demand time = 6.09677
Probe time 6.12557
Merge time 0.045536
Result:
Res count = 0
Query Execution Time: 6.44672
CPU Time: 0
GPU Time: 6.03834
Transfer Time: 0
Malloc Time: 0.008


 Query: 10 19920101 19981231
Query Prepare Time: 0.421952

Query Optimization Time: 0.31216

p_partkey
sg = 1
Build Kernel time GPU: 0.043008
d_datekey
sg = 1
Build Kernel time GPU: 0.016256
Build time 0.1792
sg = 7
filter h_total: 1367433 output_estimate: 240123904 sg: 7
Filter Kernel time GPU: 1.34451
h_total: 1367433 output_estimate: 1367433 sg: 7
Probe Kernel time GPU: 0.338112
sg = 7 non demand time = 1.77974
Probe time 1.80838
Merge time 0.04208
Result:
Res count = 0
Query Execution Time: 2.09981
CPU Time: 0
GPU Time: 1.68262
Transfer Time: 0
Malloc Time: 0.007232


Cumulated Time: 2.7831
Execution time: 2.42886

Select Options:
1. Run Specific Query
2. Run Random Queries
3. Run Experiment
4. Replacement
5. Dump Trace
6. Exit
cache. Cache Specific Column
clear. Delete Columns from GPU
custom. Toggle custom malloc
skipping. Toggle segment skipping
Your Input: 