10
1400000

 Query: 10 19920101 19981231
Query Prepare Time: 0.451904

Query Optimization Time: 0.35328

p_partkey
sg = 1
Build Kernel time GPU: 0.048128
d_datekey
sg = 1
Build Kernel time GPU: 0.016384
Build time 0.207872
h_total: 240012412 output_estimate: 240123904 sg: 7
Filter Probe Kernel time GPU: 6.04458
sg = 7 non demand time = 6.10099
Probe time 6.12989
Merge time 0.047008
Result:
Res count = 0
Query Execution Time: 6.46227
CPU Time: 0
GPU Time: 6.04458
Transfer Time: 0
Malloc Time: 0.007552


 Query: 10 19920101 19981231
Query Prepare Time: 0.41728

Query Optimization Time: 0.279456

p_partkey
sg = 1
Build Kernel time GPU: 0.044032
d_datekey
sg = 1
Build Kernel time GPU: 0.01536
Build time 0.173056
sg = 7
filter h_total: 195704718 output_estimate: 240123904 sg: 7
Filter Kernel time GPU: 2.44019
h_total: 195704718 output_estimate: 195704720 sg: 7
Probe Kernel time GPU: 13.9909
sg = 7 non demand time = 16.5335
Probe time 16.5693
Merge time 0.04672
Result:
Res count = 0
Query Execution Time: 16.8632
CPU Time: 0
GPU Time: 16.4311
Transfer Time: 0
Malloc Time: 0.006944


Cumulated Time: 7.20928
Execution time: 6.80899

Select Options:
1. Run Specific Query
2. Run Random Queries
3. Run Experiment
4. Replacement
5. Dump Trace
6. Exit
cache. Cache Specific Column
clear. Delete Columns from GPU
custom. Toggle custom malloc
skipping. Toggle segment skipping
Your Input: 