10
6600000

 Query: 10 19920101 19981231
Query Prepare Time: 0.521056

Query Optimization Time: 0.424928

p_partkey
sg = 1
Build Kernel time GPU: 0.047104
d_datekey
sg = 1
Build Kernel time GPU: 0.028672
Build time 0.22016
h_total: 240012412 output_estimate: 240123904 sg: 7
Filter Probe Kernel time GPU: 6.03955
sg = 7 non demand time = 6.09162
Probe time 6.12147
Merge time 0.044224
Result:
Res count = 0
Query Execution Time: 6.46246
CPU Time: 0
GPU Time: 6.03955
Transfer Time: 0
Malloc Time: 0.00752


 Query: 10 19920101 19981231
Query Prepare Time: 0.397792

Query Optimization Time: 0.349184

p_partkey
sg = 1
Build Kernel time GPU: 0.04112
d_datekey
sg = 1
Build Kernel time GPU: 0.01536
Build time 0.173056
sg = 7
filter h_total: 33302170 output_estimate: 240123904 sg: 7
Filter Kernel time GPU: 1.52064
h_total: 33302170 output_estimate: 33302170 sg: 7
Probe Kernel time GPU: 3.51949
sg = 7 non demand time = 5.14454
Probe time 5.17421
Merge time 0.042656
Result:
Res count = 0
Query Execution Time: 5.4593
CPU Time: 0
GPU Time: 5.04013
Transfer Time: 0
Malloc Time: 0.008096


Cumulated Time: 6.15533
Execution time: 5.76349

Select Options:
1. Run Specific Query
2. Run Random Queries
3. Run Experiment
4. Replacement
5. Dump Trace
6. Exit
cache. Cache Specific Column
clear. Delete Columns from GPU
custom. Toggle custom malloc
skipping. Toggle segment skipping
Your Input: 