10
300000

 Query: 10 19920101 19981231
Query Prepare Time: 0.457344

Query Optimization Time: 0.35328

p_partkey
sg = 1
Build Kernel time GPU: 0.048128
d_datekey
sg = 1
Build Kernel time GPU: 0.016384
Build time 0.200576
h_total: 240012412 output_estimate: 240123904 sg: 7
Filter Probe Kernel time GPU: 6.04467
sg = 7 non demand time = 6.09792
Probe time 6.12557
Merge time 0.053216
Result:
Res count = 0
Query Execution Time: 6.45171
CPU Time: 0
GPU Time: 6.04467
Transfer Time: 0
Malloc Time: 0.0072


 Query: 10 19920101 19981231
Query Prepare Time: 0.416192

Query Optimization Time: 0.27648

p_partkey
sg = 1
Build Kernel time GPU: 0.04192
d_datekey
sg = 1
Build Kernel time GPU: 0.016352
Build time 0.178304
sg = 7
filter h_total: 232687121 output_estimate: 240123904 sg: 7
Filter Kernel time GPU: 2.65216
h_total: 232687121 output_estimate: 232687120 sg: 7
Probe Kernel time GPU: 16.2755
sg = 7 non demand time = 19.0351
Probe time 19.0669
Merge time 0.051136
Result:
Res count = 0
Query Execution Time: 19.3755
CPU Time: 0
GPU Time: 18.9276
Transfer Time: 0
Malloc Time: 0.007296


Cumulated Time: 7.20944
Execution time: 6.80294

Select Options:
1. Run Specific Query
2. Run Random Queries
3. Run Experiment
4. Replacement
5. Dump Trace
6. Exit
cache. Cache Specific Column
clear. Delete Columns from GPU
custom. Toggle custom malloc
skipping. Toggle segment skipping
Your Input: 