10
4200000

 Query: 10 19920101 19981231
Query Prepare Time: 0.48416

Query Optimization Time: 0.409472

p_partkey
sg = 1
Build Kernel time GPU: 0.049152
d_datekey
sg = 1
Build Kernel time GPU: 0.016384
Build time 0.211008
h_total: 240012412 output_estimate: 240123904 sg: 7
Filter Probe Kernel time GPU: 6.07232
sg = 7 non demand time = 6.12557
Probe time 6.15629
Merge time 0.044448
Result:
Res count = 0
Query Execution Time: 6.48886
CPU Time: 0
GPU Time: 6.07232
Transfer Time: 0
Malloc Time: 0.007936


 Query: 10 19920101 19981231
Query Prepare Time: 0.443648

Query Optimization Time: 0.314368

p_partkey
sg = 1
Build Kernel time GPU: 0.041984
d_datekey
sg = 1
Build Kernel time GPU: 0.01536
Build time 0.174016
sg = 7
filter h_total: 102344361 output_estimate: 240123904 sg: 7
Filter Kernel time GPU: 1.90362
h_total: 102344361 output_estimate: 102344360 sg: 7
Probe Kernel time GPU: 8.34662
sg = 7 non demand time = 10.3506
Probe time 10.3875
Merge time 0.04304
Result:
Res count = 0
Query Execution Time: 10.6746
CPU Time: 0
GPU Time: 10.2502
Transfer Time: 0
Malloc Time: 0.008448


Cumulated Time: 7.32486
Execution time: 6.87094

Select Options:
1. Run Specific Query
2. Run Random Queries
3. Run Experiment
4. Replacement
5. Dump Trace
6. Exit
cache. Cache Specific Column
clear. Delete Columns from GPU
custom. Toggle custom malloc
skipping. Toggle segment skipping
Your Input: 