10
10000000

 Query: 10 19920101 19981231
Query Prepare Time: 0.474176

Query Optimization Time: 0.488448

p_partkey
sg = 1
Build Kernel time GPU: 0.047168
d_datekey
sg = 1
Build Kernel time GPU: 0.016384
Build time 0.201728
h_total: 240012412 output_estimate: 240123904 sg: 7
Filter Probe Kernel time GPU: 6.03238
sg = 7 non demand time = 6.08982
Probe time 6.11824
Merge time 0.04368
Result:
Res count = 0
Query Execution Time: 6.43971
CPU Time: 0
GPU Time: 6.03238
Transfer Time: 0
Malloc Time: 0.007296


 Query: 10 19920101 19981231
Query Prepare Time: 0.419392

Query Optimization Time: 0.314144

p_partkey
sg = 1
Build Kernel time GPU: 0.041952
d_datekey
sg = 1
Build Kernel time GPU: 0.028672
Build time 0.185568
sg = 7
filter h_total: 164439 output_estimate: 240123904 sg: 7
Filter Kernel time GPU: 1.32506
h_total: 164439 output_estimate: 164439 sg: 7
Probe Kernel time GPU: 0.07168
sg = 7 non demand time = 1.49606
Probe time 1.52883
Merge time 0.042176
Result:
Res count = 0
Query Execution Time: 1.82707
CPU Time: 0
GPU Time: 1.39674
Transfer Time: 0
Malloc Time: 0.00592


Cumulated Time: 2.50989
Execution time: 2.15357

Select Options:
1. Run Specific Query
2. Run Random Queries
3. Run Experiment
4. Replacement
5. Dump Trace
6. Exit
cache. Cache Specific Column
clear. Delete Columns from GPU
custom. Toggle custom malloc
skipping. Toggle segment skipping
Your Input: 