10
1100000

 Query: 10 19920101 19981231
Query Prepare Time: 0.452704

Query Optimization Time: 0.359424

p_partkey
sg = 1
Build Kernel time GPU: 0.047232
d_datekey
sg = 1
Build Kernel time GPU: 0.016544
Build time 0.202912
h_total: 240012412 output_estimate: 240123904 sg: 7
Filter Probe Kernel time GPU: 6.06106
sg = 7 non demand time = 6.11315
Probe time 6.14195
Merge time 0.046976
Result:
Res count = 0
Query Execution Time: 6.46266
CPU Time: 0
GPU Time: 6.06106
Transfer Time: 0
Malloc Time: 0.008352


 Query: 10 19920101 19981231
Query Prepare Time: 0.41904

Query Optimization Time: 0.304128

p_partkey
sg = 1
Build Kernel time GPU: 0.041984
d_datekey
sg = 1
Build Kernel time GPU: 0.01536
Build time 0.173056
sg = 7
filter h_total: 205786385 output_estimate: 240123904 sg: 7
Filter Kernel time GPU: 2.4943
h_total: 205786385 output_estimate: 205786384 sg: 7
Probe Kernel time GPU: 14.6257
sg = 7 non demand time = 17.232
Probe time 17.2646
Merge time 0.044416
Result:
Res count = 0
Query Execution Time: 17.5587
CPU Time: 0
GPU Time: 17.12
Transfer Time: 0
Malloc Time: 0.008032


Cumulated Time: 7.22314
Execution time: 6.81674

Select Options:
1. Run Specific Query
2. Run Random Queries
3. Run Experiment
4. Replacement
5. Dump Trace
6. Exit
cache. Cache Specific Column
clear. Delete Columns from GPU
custom. Toggle custom malloc
skipping. Toggle segment skipping
Your Input: 