10
600000

 Query: 10 19920101 19981231
Query Prepare Time: 0.457376

Query Optimization Time: 0.300992

p_partkey
sg = 1
Build Kernel time GPU: 0.09216
d_datekey
sg = 1
Build Kernel time GPU: 0.016384
Build time 0.244608
h_total: 240012412 output_estimate: 240123904 sg: 7
Filter Probe Kernel time GPU: 6.07027
sg = 7 non demand time = 6.12454
Probe time 6.15322
Merge time 0.045984
Result:
Res count = 0
Query Execution Time: 6.5152
CPU Time: 0
GPU Time: 6.07027
Transfer Time: 0
Malloc Time: 0.007136


 Query: 10 19920101 19981231
Query Prepare Time: 0.44736

Query Optimization Time: 0.252928

p_partkey
sg = 1
Build Kernel time GPU: 0.041984
d_datekey
sg = 1
Build Kernel time GPU: 0.014432
Build time 0.162816
sg = 7
filter h_total: 222244077 output_estimate: 240123904 sg: 7
Filter Kernel time GPU: 2.58746
h_total: 222244077 output_estimate: 222244080 sg: 7
Probe Kernel time GPU: 15.6058
sg = 7 non demand time = 18.2968
Probe time 18.3265
Merge time 0.046944
Result:
Res count = 0
Query Execution Time: 18.6083
CPU Time: 0
GPU Time: 18.1933
Transfer Time: 0
Malloc Time: 0.005984


Cumulated Time: 7.22154
Execution time: 6.87456

Select Options:
1. Run Specific Query
2. Run Random Queries
3. Run Experiment
4. Replacement
5. Dump Trace
6. Exit
cache. Cache Specific Column
clear. Delete Columns from GPU
custom. Toggle custom malloc
skipping. Toggle segment skipping
Your Input: 