10
7900000

 Query: 10 19920101 19981231
Query Prepare Time: 0.529728

Query Optimization Time: 0.473088

p_partkey
sg = 1
Build Kernel time GPU: 0.053248
d_datekey
sg = 1
Build Kernel time GPU: 0.016384
Build time 0.212992
h_total: 240012412 output_estimate: 240123904 sg: 7
Filter Probe Kernel time GPU: 6.05798
sg = 7 non demand time = 6.11021
Probe time 6.14605
Merge time 0.045888
Result:
Res count = 0
Query Execution Time: 6.47597
CPU Time: 0
GPU Time: 6.05798
Transfer Time: 0
Malloc Time: 0.007744


 Query: 10 19920101 19981231
Query Prepare Time: 0.411776

Query Optimization Time: 0.300928

p_partkey
sg = 1
Build Kernel time GPU: 0.04096
d_datekey
sg = 1
Build Kernel time GPU: 0.01536
Build time 0.169984
sg = 7
filter h_total: 12573915 output_estimate: 240123904 sg: 7
Filter Kernel time GPU: 1.41494
h_total: 12573915 output_estimate: 12573915 sg: 7
Probe Kernel time GPU: 1.52883
sg = 7 non demand time = 3.06582
Probe time 3.09453
Merge time 0.04544
Result:
Res count = 0
Query Execution Time: 3.38349
CPU Time: 0
GPU Time: 2.94378
Transfer Time: 0
Malloc Time: 0.007328


Cumulated Time: 4.04122
Execution time: 3.69485

Select Options:
1. Run Specific Query
2. Run Random Queries
3. Run Experiment
4. Replacement
5. Dump Trace
6. Exit
cache. Cache Specific Column
clear. Delete Columns from GPU
custom. Toggle custom malloc
skipping. Toggle segment skipping
Your Input: 