10
2200000

 Query: 10 19920101 19981231
Query Prepare Time: 0.470624

Query Optimization Time: 0.356352

p_partkey
sg = 1
Build Kernel time GPU: 0.04624
d_datekey
sg = 1
Build Kernel time GPU: 0.016256
Build time 0.205824
h_total: 240012412 output_estimate: 240123904 sg: 7
Filter Probe Kernel time GPU: 6.0632
sg = 7 non demand time = 6.12435
Probe time 6.15322
Merge time 0.04928
Result:
Res count = 0
Query Execution Time: 6.48438
CPU Time: 0
GPU Time: 6.0632
Transfer Time: 0
Malloc Time: 0.007552


 Query: 10 19920101 19981231
Query Prepare Time: 0.397728

Query Optimization Time: 0.29184

p_partkey
sg = 1
Build Kernel time GPU: 0.041056
d_datekey
sg = 1
Build Kernel time GPU: 0.01536
Build time 0.176096
sg = 7
filter h_total: 169060859 output_estimate: 240123904 sg: 7
Filter Kernel time GPU: 2.28781
h_total: 169060859 output_estimate: 169060864 sg: 7
Probe Kernel time GPU: 12.3781
sg = 7 non demand time = 14.767
Probe time 14.806
Merge time 0.053248
Result:
Res count = 0
Query Execution Time: 15.1055
CPU Time: 0
GPU Time: 14.6659
Transfer Time: 0
Malloc Time: 0.007968


Cumulated Time: 7.25443
Execution time: 6.8488

Select Options:
1. Run Specific Query
2. Run Random Queries
3. Run Experiment
4. Replacement
5. Dump Trace
6. Exit
cache. Cache Specific Column
clear. Delete Columns from GPU
custom. Toggle custom malloc
skipping. Toggle segment skipping
Your Input: 