10
5400000

 Query: 10 19920101 19981231
Query Prepare Time: 0.528896

Query Optimization Time: 0.411648

p_partkey
sg = 1
Build Kernel time GPU: 0.048128
d_datekey
sg = 1
Build Kernel time GPU: 0.016384
Build time 0.204864
h_total: 240012412 output_estimate: 240123904 sg: 7
Filter Probe Kernel time GPU: 6.05184
sg = 7 non demand time = 6.11021
Probe time 6.14093
Merge time 0.047616
Result:
Res count = 0
Query Execution Time: 6.46797
CPU Time: 0
GPU Time: 6.05184
Transfer Time: 0
Malloc Time: 0.007456


 Query: 10 19920101 19981231
Query Prepare Time: 0.407136

Query Optimization Time: 0.309248

p_partkey
sg = 1
Build Kernel time GPU: 0.041984
d_datekey
sg = 1
Build Kernel time GPU: 0.01536
Build time 0.18432
sg = 7
filter h_total: 63346732 output_estimate: 240123904 sg: 7
Filter Kernel time GPU: 1.67622
h_total: 63346732 output_estimate: 63346732 sg: 7
Probe Kernel time GPU: 5.82038
sg = 7 non demand time = 7.6073
Probe time 7.63712
Merge time 0.041728
Result:
Res count = 0
Query Execution Time: 7.93466
CPU Time: 0
GPU Time: 7.49661
Transfer Time: 0
Malloc Time: 0.00672


Cumulated Time: 7.35533
Execution time: 6.89606

Select Options:
1. Run Specific Query
2. Run Random Queries
3. Run Experiment
4. Replacement
5. Dump Trace
6. Exit
cache. Cache Specific Column
clear. Delete Columns from GPU
custom. Toggle custom malloc
skipping. Toggle segment skipping
Your Input: 