10
10500000

 Query: 10 19920101 19981231
Query Prepare Time: 0.452832

Query Optimization Time: 0.52752

p_partkey
sg = 1
Build Kernel time GPU: 0.049152
d_datekey
sg = 1
Build Kernel time GPU: 0.016384
Build time 0.214912
Probe time 0.006144
Merge time 0.046464
Result:
Res count = 0
Query Execution Time: 0.338464
CPU Time: 0
GPU Time: 0.065536
Transfer Time: 0
Malloc Time: 0.00736


 Query: 10 19920101 19981231
Query Prepare Time: 0.399456

Query Optimization Time: 0.29696

p_partkey
sg = 1
Build Kernel time GPU: 0.04112
d_datekey
sg = 1
Build Kernel time GPU: 0.016384
Build time 0.203648
Probe time 0.006144
Merge time 0.105536
Result:
Res count = 0
Query Execution Time: 0.38432
CPU Time: 0
GPU Time: 0.057504
Transfer Time: 0
Malloc Time: 0.007552


Cumulated Time: 1.0305
Execution time: 0.628

Select Options:
1. Run Specific Query
2. Run Random Queries
3. Run Experiment
4. Replacement
5. Dump Trace
6. Exit
cache. Cache Specific Column
clear. Delete Columns from GPU
custom. Toggle custom malloc
skipping. Toggle segment skipping
Your Input: 