10
8800000

 Query: 10 19920101 19981231
Query Prepare Time: 0.459616

Query Optimization Time: 0.523264

p_partkey
sg = 1
Build Kernel time GPU: 0.048224
d_datekey
sg = 1
Build Kernel time GPU: 0.016192
Build time 0.221184
h_total: 240012412 output_estimate: 240123904 sg: 7
Filter Probe Kernel time GPU: 6.04986
sg = 7 non demand time = 6.10406
Probe time 6.13786
Merge time 0.049216
Result:
Res count = 0
Query Execution Time: 6.4777
CPU Time: 0
GPU Time: 6.04986
Transfer Time: 0
Malloc Time: 0.007616


 Query: 10 19920101 19981231
Query Prepare Time: 0.406272

Query Optimization Time: 0.320512

p_partkey
sg = 1
Build Kernel time GPU: 0.043008
d_datekey
sg = 1
Build Kernel time GPU: 0.016384
Build time 0.185344
sg = 7
filter h_total: 4356800 output_estimate: 240123904 sg: 7
Filter Kernel time GPU: 1.36704
h_total: 4356800 output_estimate: 4356800 sg: 7
Probe Kernel time GPU: 0.72192
sg = 7 non demand time = 2.19443
Probe time 2.22208
Merge time 0.041984
Result:
Res count = 0
Query Execution Time: 2.52723
CPU Time: 0
GPU Time: 2.08896
Transfer Time: 0
Malloc Time: 0.007776


Cumulated Time: 3.19616
Execution time: 2.83366

Select Options:
1. Run Specific Query
2. Run Random Queries
3. Run Experiment
4. Replacement
5. Dump Trace
6. Exit
cache. Cache Specific Column
clear. Delete Columns from GPU
custom. Toggle custom malloc
skipping. Toggle segment skipping
Your Input: 