10
2100000

 Query: 10 19920101 19981231
Query Prepare Time: 0.503968

Query Optimization Time: 0.357376

p_partkey
sg = 1
Build Kernel time GPU: 0.047264
d_datekey
sg = 1
Build Kernel time GPU: 0.017408
Build time 0.209728
h_total: 240012412 output_estimate: 240123904 sg: 7
Filter Probe Kernel time GPU: 6.02944
sg = 7 non demand time = 6.08563
Probe time 6.11629
Merge time 0.050336
Result:
Res count = 0
Query Execution Time: 6.45274
CPU Time: 0
GPU Time: 6.02944
Transfer Time: 0
Malloc Time: 0.007776


 Query: 10 19920101 19981231
Query Prepare Time: 0.401152

Query Optimization Time: 0.305184

p_partkey
sg = 1
Build Kernel time GPU: 0.041984
d_datekey
sg = 1
Build Kernel time GPU: 0.015456
Build time 0.176192
sg = 7
filter h_total: 172379060 output_estimate: 240123904 sg: 7
Filter Kernel time GPU: 2.31219
h_total: 172379060 output_estimate: 172379056 sg: 7
Probe Kernel time GPU: 12.5633
sg = 7 non demand time = 14.9841
Probe time 15.0129
Merge time 0.046592
Result:
Res count = 0
Query Execution Time: 15.3073
CPU Time: 0
GPU Time: 14.8755
Transfer Time: 0
Malloc Time: 0.011104


Cumulated Time: 7.25738
Execution time: 6.84966

Select Options:
1. Run Specific Query
2. Run Random Queries
3. Run Experiment
4. Replacement
5. Dump Trace
6. Exit
cache. Cache Specific Column
clear. Delete Columns from GPU
custom. Toggle custom malloc
skipping. Toggle segment skipping
Your Input: 