10
9300000

 Query: 10 19920101 19981231
Query Prepare Time: 0.468256

Query Optimization Time: 0.532704

p_partkey
sg = 1
Build Kernel time GPU: 0.048128
d_datekey
sg = 1
Build Kernel time GPU: 0.016576
Build time 0.206976
h_total: 240012412 output_estimate: 240123904 sg: 7
Filter Probe Kernel time GPU: 6.04262
sg = 7 non demand time = 6.10099
Probe time 6.12864
Merge time 0.056256
Result:
Res count = 0
Query Execution Time: 6.46381
CPU Time: 0
GPU Time: 6.04262
Transfer Time: 0
Malloc Time: 0.008288


 Query: 10 19920101 19981231
Query Prepare Time: 0.420096

Query Optimization Time: 0.308256

p_partkey
sg = 1
Build Kernel time GPU: 0.041984
d_datekey
sg = 1
Build Kernel time GPU: 0.016192
Build time 0.187328
sg = 7
filter h_total: 1738556 output_estimate: 240123904 sg: 7
Filter Kernel time GPU: 1.34554
h_total: 1738556 output_estimate: 1738556 sg: 7
Probe Kernel time GPU: 0.398336
sg = 7 non demand time = 1.8432
Probe time 1.87699
Merge time 0.044448
Result:
Res count = 0
Query Execution Time: 2.17955
CPU Time: 0
GPU Time: 1.74387
Transfer Time: 0
Malloc Time: 0.00816


Cumulated Time: 2.85648
Execution time: 2.50378

Select Options:
1. Run Specific Query
2. Run Random Queries
3. Run Experiment
4. Replacement
5. Dump Trace
6. Exit
cache. Cache Specific Column
clear. Delete Columns from GPU
custom. Toggle custom malloc
skipping. Toggle segment skipping
Your Input: 