10
5300000

 Query: 10 19920101 19981231
Query Prepare Time: 0.498624

Query Optimization Time: 0.407552

p_partkey
sg = 1
Build Kernel time GPU: 0.048128
d_datekey
sg = 1
Build Kernel time GPU: 0.016384
Build time 0.22016
h_total: 240012412 output_estimate: 240123904 sg: 7
Filter Probe Kernel time GPU: 6.03853
sg = 7 non demand time = 6.09792
Probe time 6.12864
Merge time 0.045088
Result:
Res count = 0
Query Execution Time: 6.47398
CPU Time: 0
GPU Time: 6.03853
Transfer Time: 0
Malloc Time: 0.008192


 Query: 10 19920101 19981231
Query Prepare Time: 0.438176

Query Optimization Time: 0.293888

p_partkey
sg = 1
Build Kernel time GPU: 0.041984
d_datekey
sg = 1
Build Kernel time GPU: 0.01536
Build time 0.171008
sg = 7
filter h_total: 66372178 output_estimate: 240123904 sg: 7
Filter Kernel time GPU: 1.69267
h_total: 66372178 output_estimate: 66372176 sg: 7
Probe Kernel time GPU: 6.03238
sg = 7 non demand time = 7.84502
Probe time 7.87978
Merge time 0.0432
Result:
Res count = 0
Query Execution Time: 8.1647
CPU Time: 0
GPU Time: 7.72506
Transfer Time: 0
Malloc Time: 0.007328


Cumulated Time: 7.31885
Execution time: 6.86621

Select Options:
1. Run Specific Query
2. Run Random Queries
3. Run Experiment
4. Replacement
5. Dump Trace
6. Exit
cache. Cache Specific Column
clear. Delete Columns from GPU
custom. Toggle custom malloc
skipping. Toggle segment skipping
Your Input: 