10
5800000

 Query: 10 19920101 19981231
Query Prepare Time: 0.48112

Query Optimization Time: 0.44544

p_partkey
sg = 1
Build Kernel time GPU: 0.048128
d_datekey
sg = 1
Build Kernel time GPU: 0.016384
Build time 0.239616
h_total: 240012412 output_estimate: 240123904 sg: 7
Filter Probe Kernel time GPU: 6.04797
sg = 7 non demand time = 6.10205
Probe time 6.13171
Merge time 0.044864
Result:
Res count = 0
Query Execution Time: 6.48656
CPU Time: 0
GPU Time: 6.04797
Transfer Time: 0
Malloc Time: 0.007424


 Query: 10 19920101 19981231
Query Prepare Time: 0.4272

Query Optimization Time: 0.29392

p_partkey
sg = 1
Build Kernel time GPU: 0.042208
d_datekey
sg = 1
Build Kernel time GPU: 0.016384
Build time 0.183392
sg = 7
filter h_total: 52036847 output_estimate: 240123904 sg: 7
Filter Kernel time GPU: 1.61699
h_total: 52036847 output_estimate: 52036848 sg: 7
Probe Kernel time GPU: 5.00419
sg = 7 non demand time = 6.72659
Probe time 6.75622
Merge time 0.043232
Result:
Res count = 0
Query Execution Time: 7.05437
CPU Time: 0
GPU Time: 6.62118
Transfer Time: 0
Malloc Time: 0.010784


Cumulated Time: 7.36253
Execution time: 6.87222

Select Options:
1. Run Specific Query
2. Run Random Queries
3. Run Experiment
4. Replacement
5. Dump Trace
6. Exit
cache. Cache Specific Column
clear. Delete Columns from GPU
custom. Toggle custom malloc
skipping. Toggle segment skipping
Your Input: 