10
1900000

 Query: 10 19920101 19981231
Query Prepare Time: 0.500672

Query Optimization Time: 0.351232

p_partkey
sg = 1
Build Kernel time GPU: 0.048128
d_datekey
sg = 1
Build Kernel time GPU: 0.027648
Build time 0.226304
h_total: 240012412 output_estimate: 240123904 sg: 7
Filter Probe Kernel time GPU: 6.05389
sg = 7 non demand time = 6.10826
Probe time 6.14093
Merge time 0.049152
Result:
Res count = 0
Query Execution Time: 6.48749
CPU Time: 0
GPU Time: 6.05389
Transfer Time: 0
Malloc Time: 0.009344


 Query: 10 19920101 19981231
Query Prepare Time: 0.408192

Query Optimization Time: 0.303104

p_partkey
sg = 1
Build Kernel time GPU: 0.041984
d_datekey
sg = 1
Build Kernel time GPU: 0.01536
Build time 0.174304
sg = 7
filter h_total: 179058277 output_estimate: 240123904 sg: 7
Filter Kernel time GPU: 2.3512
h_total: 179058277 output_estimate: 179058272 sg: 7
Probe Kernel time GPU: 12.9997
sg = 7 non demand time = 15.4604
Probe time 15.49
Merge time 0.050272
Result:
Res count = 0
Query Execution Time: 15.7941
CPU Time: 0
GPU Time: 15.3509
Transfer Time: 0
Malloc Time: 0.008768


Cumulated Time: 7.28749
Execution time: 6.8871

Select Options:
1. Run Specific Query
2. Run Random Queries
3. Run Experiment
4. Replacement
5. Dump Trace
6. Exit
cache. Cache Specific Column
clear. Delete Columns from GPU
custom. Toggle custom malloc
skipping. Toggle segment skipping
Your Input: 