10
9900000

 Query: 10 19920101 19981231
Query Prepare Time: 0.521696

Query Optimization Time: 0.483328

p_partkey
sg = 1
Build Kernel time GPU: 0.048128
d_datekey
sg = 1
Build Kernel time GPU: 0.016384
Build time 0.208896
h_total: 240012412 output_estimate: 240123904 sg: 7
Filter Probe Kernel time GPU: 6.05082
sg = 7 non demand time = 6.10406
Probe time 6.13258
Merge time 0.046528
Result:
Res count = 0
Query Execution Time: 6.48774
CPU Time: 0
GPU Time: 6.05082
Transfer Time: 0
Malloc Time: 0.007584


 Query: 10 19920101 19981231
Query Prepare Time: 0.418976

Query Optimization Time: 0.331776

p_partkey
sg = 1
Build Kernel time GPU: 0.044032
d_datekey
sg = 1
Build Kernel time GPU: 0.01536
Build time 0.176128
sg = 7
filter h_total: 263667 output_estimate: 240123904 sg: 7
Filter Kernel time GPU: 1.32829
h_total: 263667 output_estimate: 263667 sg: 7
Probe Kernel time GPU: 0.100384
sg = 7 non demand time = 1.52678
Probe time 1.56774
Merge time 0.041728
Result:
Res count = 0
Query Execution Time: 1.85552
CPU Time: 0
GPU Time: 1.42867
Transfer Time: 0
Malloc Time: 0.007968


Cumulated Time: 2.55587
Execution time: 2.18237

Select Options:
1. Run Specific Query
2. Run Random Queries
3. Run Experiment
4. Replacement
5. Dump Trace
6. Exit
cache. Cache Specific Column
clear. Delete Columns from GPU
custom. Toggle custom malloc
skipping. Toggle segment skipping
Your Input: 