10
8500000

 Query: 10 19920101 19981231
Query Prepare Time: 0.502368

Query Optimization Time: 0.485376

p_partkey
sg = 1
Build Kernel time GPU: 0.049152
d_datekey
sg = 1
Build Kernel time GPU: 0.016384
Build time 0.209792
h_total: 240012412 output_estimate: 240123904 sg: 7
Filter Probe Kernel time GPU: 6.06106
sg = 7 non demand time = 6.12042
Probe time 6.1481
Merge time 0.045696
Result:
Res count = 0
Query Execution Time: 6.47984
CPU Time: 0
GPU Time: 6.06106
Transfer Time: 0
Malloc Time: 0.00768


 Query: 10 19920101 19981231
Query Prepare Time: 0.404128

Query Optimization Time: 0.3328

p_partkey
sg = 1
Build Kernel time GPU: 0.041984
d_datekey
sg = 1
Build Kernel time GPU: 0.015456
Build time 0.173152
sg = 7
filter h_total: 6587949 output_estimate: 240123904 sg: 7
Filter Kernel time GPU: 1.37846
h_total: 6587949 output_estimate: 6587949 sg: 7
Probe Kernel time GPU: 0.91648
sg = 7 non demand time = 2.39411
Probe time 2.4279
Merge time 0.043072
Result:
Res count = 0
Query Execution Time: 2.71421
CPU Time: 0
GPU Time: 2.29494
Transfer Time: 0
Malloc Time: 0.008096


Cumulated Time: 3.40074
Execution time: 3.02486

Select Options:
1. Run Specific Query
2. Run Random Queries
3. Run Experiment
4. Replacement
5. Dump Trace
6. Exit
cache. Cache Specific Column
clear. Delete Columns from GPU
custom. Toggle custom malloc
skipping. Toggle segment skipping
Your Input: 