10
8900000

 Query: 10 19920101 19981231
Query Prepare Time: 0.533152

Query Optimization Time: 0.47616

p_partkey
sg = 1
Build Kernel time GPU: 0.047968
d_datekey
sg = 1
Build Kernel time GPU: 0.016384
Build time 0.244512
h_total: 240012412 output_estimate: 240123904 sg: 7
Filter Probe Kernel time GPU: 6.03562
sg = 7 non demand time = 6.09178
Probe time 6.1225
Merge time 0.045568
Result:
Res count = 0
Query Execution Time: 6.48291
CPU Time: 0
GPU Time: 6.03562
Transfer Time: 0
Malloc Time: 0.008


 Query: 10 19920101 19981231
Query Prepare Time: 0.412576

Query Optimization Time: 0.319488

p_partkey
sg = 1
Build Kernel time GPU: 0.041984
d_datekey
sg = 1
Build Kernel time GPU: 0.015232
Build time 0.177152
sg = 7
filter h_total: 3733434 output_estimate: 240123904 sg: 7
Filter Kernel time GPU: 1.36192
h_total: 3733434 output_estimate: 3733434 sg: 7
Probe Kernel time GPU: 0.661504
sg = 7 non demand time = 2.12582
Probe time 2.15562
Merge time 0.04128
Result:
Res count = 0
Query Execution Time: 2.4505
CPU Time: 0
GPU Time: 2.02342
Transfer Time: 0
Malloc Time: 0.00752


Cumulated Time: 3.12573
Execution time: 2.76496

Select Options:
1. Run Specific Query
2. Run Random Queries
3. Run Experiment
4. Replacement
5. Dump Trace
6. Exit
cache. Cache Specific Column
clear. Delete Columns from GPU
custom. Toggle custom malloc
skipping. Toggle segment skipping
Your Input: 