10
7400000

 Query: 10 19920101 19981231
Query Prepare Time: 0.530016

Query Optimization Time: 0.44544

p_partkey
sg = 1
Build Kernel time GPU: 0.04896
d_datekey
sg = 1
Build Kernel time GPU: 0.016384
Build time 0.234496
h_total: 240012412 output_estimate: 240123904 sg: 7
Filter Probe Kernel time GPU: 6.06413
sg = 7 non demand time = 6.1192
Probe time 6.14707
Merge time 0.044192
Result:
Res count = 0
Query Execution Time: 6.51238
CPU Time: 0
GPU Time: 6.06413
Transfer Time: 0
Malloc Time: 0.00832


 Query: 10 19920101 19981231
Query Prepare Time: 0.412384

Query Optimization Time: 0.344064

p_partkey
sg = 1
Build Kernel time GPU: 0.044032
d_datekey
sg = 1
Build Kernel time GPU: 0.018432
Build time 0.195584
sg = 7
filter h_total: 19223924 output_estimate: 240123904 sg: 7
Filter Kernel time GPU: 1.46442
h_total: 19223924 output_estimate: 19223924 sg: 7
Probe Kernel time GPU: 2.21613
sg = 7 non demand time = 3.80189
Probe time 3.84
Merge time 0.042112
Result:
Res count = 0
Query Execution Time: 4.15859
CPU Time: 0
GPU Time: 3.68054
Transfer Time: 0
Malloc Time: 0.007936


Cumulated Time: 4.8551
Execution time: 4.46893

Select Options:
1. Run Specific Query
2. Run Random Queries
3. Run Experiment
4. Replacement
5. Dump Trace
6. Exit
cache. Cache Specific Column
clear. Delete Columns from GPU
custom. Toggle custom malloc
skipping. Toggle segment skipping
Your Input: 