10
8200000

 Query: 10 19920101 19981231
Query Prepare Time: 0.516864

Query Optimization Time: 0.485568

p_partkey
sg = 1
Build Kernel time GPU: 0.054272
d_datekey
sg = 1
Build Kernel time GPU: 0.019456
Build time 0.260096
h_total: 240012412 output_estimate: 240123904 sg: 7
Filter Probe Kernel time GPU: 6.06003
sg = 7 non demand time = 6.12333
Probe time 6.16243
Merge time 0.059392
Result:
Res count = 0
Query Execution Time: 6.56704
CPU Time: 0
GPU Time: 6.06003
Transfer Time: 0
Malloc Time: 0.007616


 Query: 10 19920101 19981231
Query Prepare Time: 0.428416

Query Optimization Time: 0.354304

p_partkey
sg = 1
Build Kernel time GPU: 0.049152
d_datekey
sg = 1
Build Kernel time GPU: 0.016384
Build time 0.201664
sg = 7
filter h_total: 9318085 output_estimate: 240123904 sg: 7
Filter Kernel time GPU: 1.40275
h_total: 9318085 output_estimate: 9318085 sg: 7
Probe Kernel time GPU: 1.18874
sg = 7 non demand time = 2.7177
Probe time 2.75149
Merge time 0.043584
Result:
Res count = 0
Query Execution Time: 3.07862
CPU Time: 0
GPU Time: 2.59149
Transfer Time: 0
Malloc Time: 0.007168


Cumulated Time: 3.80256
Execution time: 3.40467

Select Options:
1. Run Specific Query
2. Run Random Queries
3. Run Experiment
4. Replacement
5. Dump Trace
6. Exit
cache. Cache Specific Column
clear. Delete Columns from GPU
custom. Toggle custom malloc
skipping. Toggle segment skipping
Your Input: 