10
5200000

 Query: 10 19920101 19981231
Query Prepare Time: 0.4952

Query Optimization Time: 0.406528

p_partkey
sg = 1
Build Kernel time GPU: 0.048128
d_datekey
sg = 1
Build Kernel time GPU: 0.01648
Build time 0.223232
h_total: 240012412 output_estimate: 240123904 sg: 7
Filter Probe Kernel time GPU: 6.04461
sg = 7 non demand time = 6.10099
Probe time 6.13069
Merge time 0.04528
Result:
Res count = 0
Query Execution Time: 6.47837
CPU Time: 0
GPU Time: 6.04461
Transfer Time: 0
Malloc Time: 0.0072


 Query: 10 19920101 19981231
Query Prepare Time: 0.408

Query Optimization Time: 0.303104

p_partkey
sg = 1
Build Kernel time GPU: 0.041984
d_datekey
sg = 1
Build Kernel time GPU: 0.01536
Build time 0.183296
sg = 7
filter h_total: 69455527 output_estimate: 240123904 sg: 7
Filter Kernel time GPU: 1.71008
h_total: 69455527 output_estimate: 69455528 sg: 7
Probe Kernel time GPU: 6.23318
sg = 7 non demand time = 8.04454
Probe time 8.0785
Merge time 0.042304
Result:
Res count = 0
Query Execution Time: 8.37606
CPU Time: 0
GPU Time: 7.94326
Transfer Time: 0
Malloc Time: 0.009056


Cumulated Time: 7.32054
Execution time: 6.86874

Select Options:
1. Run Specific Query
2. Run Random Queries
3. Run Experiment
4. Replacement
5. Dump Trace
6. Exit
cache. Cache Specific Column
clear. Delete Columns from GPU
custom. Toggle custom malloc
skipping. Toggle segment skipping
Your Input: 