10
3800000

 Query: 10 19920101 19981231
Query Prepare Time: 0.540832

Query Optimization Time: 0.384

p_partkey
sg = 1
Build Kernel time GPU: 0.048128
d_datekey
sg = 1
Build Kernel time GPU: 0.016352
Build time 0.203776
h_total: 240012412 output_estimate: 240123904 sg: 7
Filter Probe Kernel time GPU: 6.0416
sg = 7 non demand time = 6.09587
Probe time 6.13069
Merge time 0.044416
Result:
Res count = 0
Query Execution Time: 6.45066
CPU Time: 0
GPU Time: 6.0416
Transfer Time: 0
Malloc Time: 0.009312


 Query: 10 19920101 19981231
Query Prepare Time: 0.380544

Query Optimization Time: 0.294912

p_partkey
sg = 1
Build Kernel time GPU: 0.044032
d_datekey
sg = 1
Build Kernel time GPU: 0.01536
Build time 0.176128
sg = 7
filter h_total: 115695307 output_estimate: 240123904 sg: 7
Filter Kernel time GPU: 1.99885
h_total: 115695307 output_estimate: 115695304 sg: 7
Probe Kernel time GPU: 9.13306
sg = 7 non demand time = 11.2404
Probe time 11.2712
Merge time 0.043648
Result:
Res count = 0
Query Execution Time: 11.5676
CPU Time: 0
GPU Time: 11.1319
Transfer Time: 0
Malloc Time: 0.00672


Cumulated Time: 7.32304
Execution time: 6.89462

Select Options:
1. Run Specific Query
2. Run Random Queries
3. Run Experiment
4. Replacement
5. Dump Trace
6. Exit
cache. Cache Specific Column
clear. Delete Columns from GPU
custom. Toggle custom malloc
skipping. Toggle segment skipping
Your Input: 