10
8300000

 Query: 10 19920101 19981231
Query Prepare Time: 0.477184

Query Optimization Time: 0.466944

p_partkey
sg = 1
Build Kernel time GPU: 0.048128
d_datekey
sg = 1
Build Kernel time GPU: 0.016384
Build time 0.203776
h_total: 240012412 output_estimate: 240123904 sg: 7
Filter Probe Kernel time GPU: 6.05901
sg = 7 non demand time = 6.11517
Probe time 6.144
Merge time 0.045312
Result:
Res count = 0
Query Execution Time: 6.46861
CPU Time: 0
GPU Time: 6.05901
Transfer Time: 0
Malloc Time: 0.007392


 Query: 10 19920101 19981231
Query Prepare Time: 0.415712

Query Optimization Time: 0.322592

p_partkey
sg = 1
Build Kernel time GPU: 0.043008
d_datekey
sg = 1
Build Kernel time GPU: 0.015232
Build time 0.176128
sg = 7
filter h_total: 8344955 output_estimate: 240123904 sg: 7
Filter Kernel time GPU: 1.38957
h_total: 8344955 output_estimate: 8344955 sg: 7
Probe Kernel time GPU: 1.08544
sg = 7 non demand time = 2.57846
Probe time 2.6071
Merge time 0.04368
Result:
Res count = 0
Query Execution Time: 2.89779
CPU Time: 0
GPU Time: 2.47501
Transfer Time: 0
Malloc Time: 0.007328


Cumulated Time: 3.58442
Execution time: 3.21814

Select Options:
1. Run Specific Query
2. Run Random Queries
3. Run Experiment
4. Replacement
5. Dump Trace
6. Exit
cache. Cache Specific Column
clear. Delete Columns from GPU
custom. Toggle custom malloc
skipping. Toggle segment skipping
Your Input: 