10
9700000

 Query: 10 19920101 19981231
Query Prepare Time: 0.460544

Query Optimization Time: 0.53744

p_partkey
sg = 1
Build Kernel time GPU: 0.047296
d_datekey
sg = 1
Build Kernel time GPU: 0.016384
Build time 0.211968
h_total: 240012412 output_estimate: 240123904 sg: 7
Filter Probe Kernel time GPU: 6.04573
sg = 7 non demand time = 6.09894
Probe time 6.12659
Merge time 0.049536
Result:
Res count = 0
Query Execution Time: 6.45734
CPU Time: 0
GPU Time: 6.04573
Transfer Time: 0
Malloc Time: 0.00752


 Query: 10 19920101 19981231
Query Prepare Time: 0.395456

Query Optimization Time: 0.362496

p_partkey
sg = 1
Build Kernel time GPU: 0.042016
d_datekey
sg = 1
Build Kernel time GPU: 0.01536
Build time 0.187392
sg = 7
filter h_total: 571241 output_estimate: 240123904 sg: 7
Filter Kernel time GPU: 1.33427
h_total: 571241 output_estimate: 571241 sg: 7
Probe Kernel time GPU: 0.175936
sg = 7 non demand time = 1.61382
Probe time 1.6425
Merge time 0.042112
Result:
Res count = 0
Query Execution Time: 1.94429
CPU Time: 0
GPU Time: 1.51021
Transfer Time: 0
Malloc Time: 0.008096


Cumulated Time: 2.64854
Execution time: 2.24394

Select Options:
1. Run Specific Query
2. Run Random Queries
3. Run Experiment
4. Replacement
5. Dump Trace
6. Exit
cache. Cache Specific Column
clear. Delete Columns from GPU
custom. Toggle custom malloc
skipping. Toggle segment skipping
Your Input: 