10
3000000

 Query: 10 19920101 19981231
Query Prepare Time: 0.475744

Query Optimization Time: 0.423936

p_partkey
sg = 1
Build Kernel time GPU: 0.050016
d_datekey
sg = 1
Build Kernel time GPU: 0.01536
Build time 0.208896
h_total: 240012412 output_estimate: 240123904 sg: 7
Filter Probe Kernel time GPU: 6.05075
sg = 7 non demand time = 6.1145
Probe time 6.15446
Merge time 0.046208
Result:
Res count = 0
Query Execution Time: 6.48986
CPU Time: 0
GPU Time: 6.05075
Transfer Time: 0
Malloc Time: 0.0088


 Query: 10 19920101 19981231
Query Prepare Time: 0.444384

Query Optimization Time: 0.289792

p_partkey
sg = 1
Build Kernel time GPU: 0.04608
d_datekey
sg = 1
Build Kernel time GPU: 0.01536
Build time 0.218112
sg = 7
filter h_total: 142377345 output_estimate: 240123904 sg: 7
Filter Kernel time GPU: 2.1463
h_total: 142377345 output_estimate: 142377344 sg: 7
Probe Kernel time GPU: 10.8063
sg = 7 non demand time = 13.0744
Probe time 13.1113
Merge time 0.04416
Result:
Res count = 0
Query Execution Time: 13.4522
CPU Time: 0
GPU Time: 12.9526
Transfer Time: 0
Malloc Time: 0.006816


Cumulated Time: 7.32995
Execution time: 6.85981

Select Options:
1. Run Specific Query
2. Run Random Queries
3. Run Experiment
4. Replacement
5. Dump Trace
6. Exit
cache. Cache Specific Column
clear. Delete Columns from GPU
custom. Toggle custom malloc
skipping. Toggle segment skipping
Your Input: 