10
2500000

 Query: 10 19920101 19981231
Query Prepare Time: 0.507168

Query Optimization Time: 0.3664

p_partkey
sg = 1
Build Kernel time GPU: 0.048128
d_datekey
sg = 1
Build Kernel time GPU: 0.017408
Build time 0.221184
h_total: 240012412 output_estimate: 240123904 sg: 7
Filter Probe Kernel time GPU: 6.06413
sg = 7 non demand time = 6.11738
Probe time 6.15014
Merge time 0.05072
Result:
Res count = 0
Query Execution Time: 6.49146
CPU Time: 0
GPU Time: 6.06413
Transfer Time: 0
Malloc Time: 0.007456


 Query: 10 19920101 19981231
Query Prepare Time: 0.399008

Query Optimization Time: 0.286848

p_partkey
sg = 1
Build Kernel time GPU: 0.041984
d_datekey
sg = 1
Build Kernel time GPU: 0.01536
Build time 0.171008
sg = 7
filter h_total: 159030508 output_estimate: 240123904 sg: 7
Filter Kernel time GPU: 2.23939
h_total: 159030508 output_estimate: 159030512 sg: 7
Probe Kernel time GPU: 11.7864
sg = 7 non demand time = 14.1343
Probe time 14.165
Merge time 0.046688
Result:
Res count = 0
Query Execution Time: 14.4595
CPU Time: 0
GPU Time: 14.0258
Transfer Time: 0
Malloc Time: 0.006368


Cumulated Time: 7.31466
Execution time: 6.89754

Select Options:
1. Run Specific Query
2. Run Random Queries
3. Run Experiment
4. Replacement
5. Dump Trace
6. Exit
cache. Cache Specific Column
clear. Delete Columns from GPU
custom. Toggle custom malloc
skipping. Toggle segment skipping
Your Input: 