10
4400000

 Query: 10 19920101 19981231
Query Prepare Time: 0.516832

Query Optimization Time: 0.401408

p_partkey
sg = 1
Build Kernel time GPU: 0.048128
d_datekey
sg = 1
Build Kernel time GPU: 0.016384
Build time 0.207808
h_total: 240012412 output_estimate: 240123904 sg: 7
Filter Probe Kernel time GPU: 6.04672
sg = 7 non demand time = 6.10509
Probe time 6.13274
Merge time 0.04544
Result:
Res count = 0
Query Execution Time: 6.46947
CPU Time: 0
GPU Time: 6.04672
Transfer Time: 0
Malloc Time: 0.008608


 Query: 10 19920101 19981231
Query Prepare Time: 0.396416

Query Optimization Time: 0.317376

p_partkey
sg = 1
Build Kernel time GPU: 0.043008
d_datekey
sg = 1
Build Kernel time GPU: 0.014432
Build time 0.1792
sg = 7
filter h_total: 95679031 output_estimate: 240123904 sg: 7
Filter Kernel time GPU: 1.85978
h_total: 95679031 output_estimate: 95679032 sg: 7
Probe Kernel time GPU: 8.01485
sg = 7 non demand time = 9.97581
Probe time 10.0045
Merge time 0.05024
Result:
Res count = 0
Query Execution Time: 10.3077
CPU Time: 0
GPU Time: 9.87462
Transfer Time: 0
Malloc Time: 0.007008


Cumulated Time: 7.32365
Execution time: 6.8768

Select Options:
1. Run Specific Query
2. Run Random Queries
3. Run Experiment
4. Replacement
5. Dump Trace
6. Exit
cache. Cache Specific Column
clear. Delete Columns from GPU
custom. Toggle custom malloc
skipping. Toggle segment skipping
Your Input: 