10
5700000

 Query: 10 19920101 19981231
Query Prepare Time: 0.485504

Query Optimization Time: 0.453632

p_partkey
sg = 1
Build Kernel time GPU: 0.048128
d_datekey
sg = 1
Build Kernel time GPU: 0.016384
Build time 0.20992
h_total: 240012412 output_estimate: 240123904 sg: 7
Filter Probe Kernel time GPU: 6.04672
sg = 7 non demand time = 6.09997
Probe time 6.13376
Merge time 0.046464
Result:
Res count = 0
Query Execution Time: 6.46195
CPU Time: 0
GPU Time: 6.04672
Transfer Time: 0
Malloc Time: 0.007936


 Query: 10 19920101 19981231
Query Prepare Time: 0.399296

Query Optimization Time: 0.289792

p_partkey
sg = 1
Build Kernel time GPU: 0.041824
d_datekey
sg = 1
Build Kernel time GPU: 0.01536
Build time 0.175104
sg = 7
filter h_total: 54739275 output_estimate: 240123904 sg: 7
Filter Kernel time GPU: 1.63123
h_total: 54739275 output_estimate: 54739276 sg: 7
Probe Kernel time GPU: 5.20298
sg = 7 non demand time = 6.9377
Probe time 6.96838
Merge time 0.043872
Result:
Res count = 0
Query Execution Time: 7.26675
CPU Time: 0
GPU Time: 6.83421
Transfer Time: 0
Malloc Time: 0.007488


Cumulated Time: 7.34816
Execution time: 6.84806

Select Options:
1. Run Specific Query
2. Run Random Queries
3. Run Experiment
4. Replacement
5. Dump Trace
6. Exit
cache. Cache Specific Column
clear. Delete Columns from GPU
custom. Toggle custom malloc
skipping. Toggle segment skipping
Your Input: 