10
3100000

 Query: 10 19920101 19981231
Query Prepare Time: 0.497824

Query Optimization Time: 0.382976

p_partkey
sg = 1
Build Kernel time GPU: 0.048128
d_datekey
sg = 1
Build Kernel time GPU: 0.016256
Build time 0.206848
h_total: 240012412 output_estimate: 240123904 sg: 7
Filter Probe Kernel time GPU: 6.05389
sg = 7 non demand time = 6.10816
Probe time 6.14912
Merge time 0.047232
Result:
Res count = 0
Query Execution Time: 6.47216
CPU Time: 0
GPU Time: 6.05389
Transfer Time: 0
Malloc Time: 0.00752


 Query: 10 19920101 19981231
Query Prepare Time: 0.420064

Query Optimization Time: 0.303104

p_partkey
sg = 1
Build Kernel time GPU: 0.041984
d_datekey
sg = 1
Build Kernel time GPU: 0.01536
Build time 0.187392
sg = 7
filter h_total: 139034160 output_estimate: 240123904 sg: 7
Filter Kernel time GPU: 2.12275
h_total: 139034160 output_estimate: 139034160 sg: 7
Probe Kernel time GPU: 10.5779
sg = 7 non demand time = 12.8082
Probe time 12.841
Merge time 0.0424
Result:
Res count = 0
Query Execution Time: 13.1421
CPU Time: 0
GPU Time: 12.7007
Transfer Time: 0
Malloc Time: 0.008544


Cumulated Time: 7.30333
Execution time: 6.87312

Select Options:
1. Run Specific Query
2. Run Random Queries
3. Run Experiment
4. Replacement
5. Dump Trace
6. Exit
cache. Cache Specific Column
clear. Delete Columns from GPU
custom. Toggle custom malloc
skipping. Toggle segment skipping
Your Input: 