10
9200000

 Query: 10 19920101 19981231
Query Prepare Time: 0.486688

Query Optimization Time: 0.48128

p_partkey
sg = 1
Build Kernel time GPU: 0.048128
d_datekey
sg = 1
Build Kernel time GPU: 0.015424
Build time 0.2048
h_total: 240012412 output_estimate: 240123904 sg: 7
Filter Probe Kernel time GPU: 6.0416
sg = 7 non demand time = 6.0969
Probe time 6.1256
Merge time 0.04736
Result:
Res count = 0
Query Execution Time: 6.45594
CPU Time: 0
GPU Time: 6.0416
Transfer Time: 0
Malloc Time: 0.00736


 Query: 10 19920101 19981231
Query Prepare Time: 0.415584

Query Optimization Time: 0.32256

p_partkey
sg = 1
Build Kernel time GPU: 0.041984
d_datekey
sg = 1
Build Kernel time GPU: 0.01536
Build time 0.172032
sg = 7
filter h_total: 2156356 output_estimate: 240123904 sg: 7
Filter Kernel time GPU: 1.35066
h_total: 2156356 output_estimate: 2156356 sg: 7
Probe Kernel time GPU: 0.461824
sg = 7 non demand time = 1.91078
Probe time 1.95584
Merge time 0.051392
Result:
Res count = 0
Query Execution Time: 2.25139
CPU Time: 0
GPU Time: 1.81248
Transfer Time: 0
Malloc Time: 0.006016


Cumulated Time: 2.93718
Execution time: 2.56323

Select Options:
1. Run Specific Query
2. Run Random Queries
3. Run Experiment
4. Replacement
5. Dump Trace
6. Exit
cache. Cache Specific Column
clear. Delete Columns from GPU
custom. Toggle custom malloc
skipping. Toggle segment skipping
Your Input: 