10
7500000

 Query: 10 19920101 19981231
Query Prepare Time: 0.506656

Query Optimization Time: 0.431104

p_partkey
sg = 1
Build Kernel time GPU: 0.047104
d_datekey
sg = 1
Build Kernel time GPU: 0.016384
Build time 0.204736
h_total: 240012412 output_estimate: 240123904 sg: 7
Filter Probe Kernel time GPU: 6.05696
sg = 7 non demand time = 6.12342
Probe time 6.15117
Merge time 0.050432
Result:
Res count = 0
Query Execution Time: 6.48189
CPU Time: 0
GPU Time: 6.05696
Transfer Time: 0
Malloc Time: 0.007616


 Query: 10 19920101 19981231
Query Prepare Time: 0.38848

Query Optimization Time: 0.342016

p_partkey
sg = 1
Build Kernel time GPU: 0.041984
d_datekey
sg = 1
Build Kernel time GPU: 0.01536
Build time 0.173056
sg = 7
filter h_total: 17772268 output_estimate: 240123904 sg: 7
Filter Kernel time GPU: 1.44179
h_total: 17772268 output_estimate: 17772268 sg: 7
Probe Kernel time GPU: 2.07462
sg = 7 non demand time = 3.62598
Probe time 3.65466
Merge time 0.043456
Result:
Res count = 0
Query Execution Time: 3.9415
CPU Time: 0
GPU Time: 3.51642
Transfer Time: 0
Malloc Time: 0.007424


Cumulated Time: 4.62042
Execution time: 4.23494

Select Options:
1. Run Specific Query
2. Run Random Queries
3. Run Experiment
4. Replacement
5. Dump Trace
6. Exit
cache. Cache Specific Column
clear. Delete Columns from GPU
custom. Toggle custom malloc
skipping. Toggle segment skipping
Your Input: 