10
8400000

 Query: 10 19920101 19981231
Query Prepare Time: 0.521024

Query Optimization Time: 0.484352

p_partkey
sg = 1
Build Kernel time GPU: 0.053216
d_datekey
sg = 1
Build Kernel time GPU: 0.022528
Build time 0.26624
h_total: 240012412 output_estimate: 240123904 sg: 7
Filter Probe Kernel time GPU: 6.08666
sg = 7 non demand time = 6.14195
Probe time 6.17779
Merge time 0.055776
Result:
Res count = 0
Query Execution Time: 6.58582
CPU Time: 0
GPU Time: 6.08666
Transfer Time: 0
Malloc Time: 0.0104


 Query: 10 19920101 19981231
Query Prepare Time: 0.450336

Query Optimization Time: 0.346112

p_partkey
sg = 1
Build Kernel time GPU: 0.050176
d_datekey
sg = 1
Build Kernel time GPU: 0.018432
Build time 0.196768
sg = 7
filter h_total: 7436542 output_estimate: 240123904 sg: 7
Filter Kernel time GPU: 1.38752
h_total: 7436542 output_estimate: 7436542 sg: 7
Probe Kernel time GPU: 1.00045
sg = 7 non demand time = 2.49958
Probe time 2.53853
Merge time 0.044032
Result:
Res count = 0
Query Execution Time: 2.86003
CPU Time: 0
GPU Time: 2.38797
Transfer Time: 0
Malloc Time: 0.00576


Cumulated Time: 3.59811
Execution time: 3.20797

Select Options:
1. Run Specific Query
2. Run Random Queries
3. Run Experiment
4. Replacement
5. Dump Trace
6. Exit
cache. Cache Specific Column
clear. Delete Columns from GPU
custom. Toggle custom malloc
skipping. Toggle segment skipping
Your Input: 