10
1300000

 Query: 10 19920101 19981231
Query Prepare Time: 0.531392

Query Optimization Time: 0.330624

p_partkey
sg = 1
Build Kernel time GPU: 0.0472
d_datekey
sg = 1
Build Kernel time GPU: 0.016576
Build time 0.230272
h_total: 240012412 output_estimate: 240123904 sg: 7
Filter Probe Kernel time GPU: 6.04877
sg = 7 non demand time = 6.10304
Probe time 6.13066
Merge time 0.048992
Result:
Res count = 0
Query Execution Time: 6.48534
CPU Time: 0
GPU Time: 6.04877
Transfer Time: 0
Malloc Time: 0.009376


 Query: 10 19920101 19981231
Query Prepare Time: 0.405344

Query Optimization Time: 0.274432

p_partkey
sg = 1
Build Kernel time GPU: 0.04096
d_datekey
sg = 1
Build Kernel time GPU: 0.01536
Build time 0.181248
sg = 7
filter h_total: 199096438 output_estimate: 240123904 sg: 7
Filter Kernel time GPU: 2.45965
h_total: 199096438 output_estimate: 199096432 sg: 7
Probe Kernel time GPU: 14.2264
sg = 7 non demand time = 16.7926
Probe time 16.8223
Merge time 0.044288
Result:
Res count = 0
Query Execution Time: 17.1388
CPU Time: 0
GPU Time: 16.6861
Transfer Time: 0
Malloc Time: 0.00624


Cumulated Time: 7.29197
Execution time: 6.91235

Select Options:
1. Run Specific Query
2. Run Random Queries
3. Run Experiment
4. Replacement
5. Dump Trace
6. Exit
cache. Cache Specific Column
clear. Delete Columns from GPU
custom. Toggle custom malloc
skipping. Toggle segment skipping
Your Input: 