10
2000000

 Query: 10 19920101 19981231
Query Prepare Time: 0.463584

Query Optimization Time: 0.398432

p_partkey
sg = 1
Build Kernel time GPU: 0.048128
d_datekey
sg = 1
Build Kernel time GPU: 0.016384
Build time 0.23968
h_total: 240012412 output_estimate: 240123904 sg: 7
Filter Probe Kernel time GPU: 6.04483
sg = 7 non demand time = 6.09997
Probe time 6.12659
Merge time 0.046336
Result:
Res count = 0
Query Execution Time: 6.48653
CPU Time: 0
GPU Time: 6.04483
Transfer Time: 0
Malloc Time: 0.007168


 Query: 10 19920101 19981231
Query Prepare Time: 0.422272

Query Optimization Time: 0.312512

p_partkey
sg = 1
Build Kernel time GPU: 0.042016
d_datekey
sg = 1
Build Kernel time GPU: 0.015584
Build time 0.172032
sg = 7
filter h_total: 175718358 output_estimate: 240123904 sg: 7
Filter Kernel time GPU: 2.32845
h_total: 175718358 output_estimate: 175718352 sg: 7
Probe Kernel time GPU: 12.8145
sg = 7 non demand time = 15.2658
Probe time 15.2955
Merge time 0.04304
Result:
Res count = 0
Query Execution Time: 15.5933
CPU Time: 0
GPU Time: 15.1429
Transfer Time: 0
Malloc Time: 0.008352


Cumulated Time: 7.29315
Execution time: 6.84838

Select Options:
1. Run Specific Query
2. Run Random Queries
3. Run Experiment
4. Replacement
5. Dump Trace
6. Exit
cache. Cache Specific Column
clear. Delete Columns from GPU
custom. Toggle custom malloc
skipping. Toggle segment skipping
Your Input: 